Component: ARM Compiler 5.06 update 1 (build 61) Tool: armlink [4d35a8]

==============================================================================

Section Cross References

    system_stm32f10x.o(.text) refers to stm32f10x_rcc.o(.text) for RCC_DeInit
    system_stm32f10x.o(.text) refers to stm32f10x_it.o(.data) for gbf_hse_setup_fail
    system_stm32f10x.o(.text) refers to system_stm32f10x.o(.data) for SystemCoreClock
    startup_stm32f10x_md.o(RESET) refers to startup_stm32f10x_md.o(STACK) for __initial_sp
    startup_stm32f10x_md.o(RESET) refers to startup_stm32f10x_md.o(.text) for Reset_Handler
    startup_stm32f10x_md.o(RESET) refers to stm32f10x_it.o(.text) for NMI_Handler
    startup_stm32f10x_md.o(.text) refers to system_stm32f10x.o(.text) for SystemInit
    startup_stm32f10x_md.o(.text) refers to entry.o(.ARM.Collect$$$$00000000) for __main
    stm32f10x_gpio.o(.text) refers to stm32f10x_rcc.o(.text) for RCC_APB2PeriphResetCmd
    stm32f10x_rcc.o(.text) refers to stm32f10x_rcc.o(.data) for APBAHBPrescTable
    stm32f10x_spi.o(.text) refers to stm32f10x_rcc.o(.text) for RCC_APB2PeriphResetCmd
    stm32f10x_usart.o(.text) refers to stm32f10x_rcc.o(.text) for RCC_APB2PeriphResetCmd
    m24sr_cmd.o(.text) refers to memcpya.o(.text) for __aeabi_memcpy
    m24sr_cmd.o(.text) refers to m24sr_cmd.o(.bss) for Command
    m24sr_cmd.o(.text) refers to m24sr_cmd.o(.data) for BlockNumber
    mfrc500.o(.text) refers to memseta.o(.text) for __aeabi_memclr
    mfrc500.o(.text) refers to mfrc500_ios14443.o(.text) for PcdRATS
    mfrc500.o(.text) refers to memcpya.o(.text) for __aeabi_memcpy
    mfrc500.o(.text) refers to app_card_process.o(.bss) for respon
    mfrc500.o(.text) refers to mfrc500.o(.bss) for TransKey
    gpio.o(.text) refers to stm32f10x_rcc.o(.text) for RCC_APB2PeriphClockCmd
    gpio.o(.text) refers to stm32f10x_gpio.o(.text) for GPIO_Init
    gpio.o(.text) refers to gpio.o(.constdata) for GPIO_CLK
    gpio.o(.text) refers to gpio.o(.data) for GPIO_PORT
    baord.o(.text) refers to stm32f10x_usart.o(.text) for USART_SendData
    baord.o(.text) refers to stm32f10x_rcc.o(.text) for RCC_APB2PeriphClockCmd
    baord.o(.text) refers to stm32f10x_gpio.o(.text) for GPIO_Init
    baord.o(.text) refers to misc.o(.text) for NVIC_PriorityGroupConfig
    baord.o(.text) refers to app_timer.o(.text) for SysClockInit
    baord.o(.text) refers to gpio.o(.text) for GpioInit
    baord.o(.text) refers to version.o(.text) for get_mcu_uid
    baord.o(.text) refers to app_serial_cmd_process.o(.text) for beep_ctl_timer_init
    baord.o(.text) refers to app_card_process.o(.text) for app_card_timer_init
    baord.o(.text) refers to mfrc500_hw.o(.text) for mfrc500_init
    mfrc500_hw.o(.text) refers to stm32f10x_gpio.o(.text) for GPIO_PinRemapConfig
    mfrc500_hw.o(.text) refers to stm32f10x_rcc.o(.text) for RCC_APB2PeriphClockCmd
    mfrc500_hw.o(.text) refers to app_timer.o(.text) for Delay10us
    mfrc500_hw.o(.text) refers to printf8.o(i.__0printf$8) for __2printf
    mfrc500_hw.o(.text) refers to memcpya.o(.text) for __aeabi_memcpy
    mfrc500_ios14443.o(.text) refers to mfrc500_hw.o(.text) for PcdSetTmo
    mfrc500_ios14443.o(.text) refers to m24sr_cmd.o(.text) for M24SR_ComputeCrc
    mfrc500_ios14443.o(.text) refers to memcpya.o(.text) for __aeabi_memcpy
    mfrc500_ios14443.o(.text) refers to m24sr_cmd.o(.bss) for uM24SRbuffer
    main.o(.text) refers to baord.o(.text) for board_init
    main.o(.text) refers to app_handle_layer.o(.text) for app_handle_layer
    app_handle_layer.o(.text) refers to app_serial_cmd_process.o(.text) for App_seirial_cmd_process
    app_handle_layer.o(.text) refers to app_card_process.o(.text) for App_card_process
    app_handle_layer.o(.text) refers to app_show_message_process.o(.text) for message_show_process
    app_serial_cmd_process.o(.text) refers to stm32f10x_gpio.o(.text) for GPIO_SetBits
    app_serial_cmd_process.o(.text) refers to memseta.o(.text) for __aeabi_memset
    app_serial_cmd_process.o(.text) refers to baord.o(.text) for XOR_Cal
    app_serial_cmd_process.o(.text) refers to core_cm3.o(.emb_text) for __set_MSP
    app_serial_cmd_process.o(.text) refers to app_timer.o(.text) for sw_reset_timer_timeout
    app_serial_cmd_process.o(.text) refers to app_card_process.o(.text) for rf_set_card_status
    app_serial_cmd_process.o(.text) refers to ringbuffer.o(.text) for buffer_get_buffer_status
    app_serial_cmd_process.o(.text) refers to app_serial_cmd_process.o(.data) for beep_s
    app_serial_cmd_process.o(.text) refers to version.o(.data) for jsq_uid
    app_serial_cmd_process.o(.text) refers to version.o(.constdata) for software
    app_serial_cmd_process.o(.text) refers to app_timer.o(.bss) for card_buzzer_timer
    app_serial_cmd_process.o(.text) refers to app_card_process.o(.bss) for card_task
    app_serial_cmd_process.o(.text) refers to app_serial_cmd_process.o(.bss) for rdata
[...]
    printf3.o(i.__0sprintf$3) refers to printf3.o(i._sputc) for _sputc
    printf3.o(i.__0vfprintf$3) refers to printf3.o(i._printf_core) for _printf_core
    printf3.o(i.__0vfprintf$3) refers to baord.o(.text) for fputc
    printf3.o(i.__0vprintf$3) refers to printf3.o(i._printf_core) for _printf_core
    printf3.o(i.__0vprintf$3) refers to baord.o(.text) for fputc
    printf3.o(i.__0vprintf$3) refers to stdout.o(.data) for __stdout
    printf3.o(i.__0vsnprintf$3) refers to printf3.o(i._printf_core) for _printf_core
    printf3.o(i.__0vsnprintf$3) refers to printf3.o(i._snputc) for _snputc
    printf3.o(i.__0vsprintf$3) refers to printf3.o(i._printf_core) for _printf_core
    printf3.o(i.__0vsprintf$3) refers to printf3.o(i._sputc) for _sputc
    printf3.o(i._printf_core) refers to uidiv.o(.text) for __aeabi_uidivmod
    printf4.o(i.__0fprintf$4) refers to printf4.o(i._printf_core) for _printf_core
    printf4.o(i.__0fprintf$4) refers to baord.o(.text) for fputc
    printf4.o(i.__0printf$4) refers to printf4.o(i._printf_core) for _printf_core
    printf4.o(i.__0printf$4) refers to baord.o(.text) for fputc
    printf4.o(i.__0printf$4) refers to stdout.o(.data) for __stdout
    printf4.o(i.__0snprintf$4) refers to printf4.o(i._printf_core) for _printf_core
    printf4.o(i.__0snprintf$4) refers to printf4.o(i._snputc) for _snputc
    printf4.o(i.__0sprintf$4) refers to printf4.o(i._printf_core) for _printf_core
    printf4.o(i.__0sprintf$4) refers to printf4.o(i._sputc) for _sputc
    printf4.o(i.__0vfprintf$4) refers to printf4.o(i._printf_core) for _printf_core
    printf4.o(i.__0vfprintf$4) refers to baord.o(.text) for fputc
    printf4.o(i.__0vprintf$4) refers to printf4.o(i._printf_core) for _printf_core
    printf4.o(i.__0vprintf$4) refers to baord.o(.text) for fputc
    printf4.o(i.__0vprintf$4) refers to stdout.o(.data) for __stdout
    printf4.o(i.__0vsnprintf$4) refers to printf4.o(i._printf_core) for _printf_core
    printf4.o(i.__0vsnprintf$4) refers to printf4.o(i._snputc) for _snputc
    printf4.o(i.__0vsprintf$4) refers to printf4.o(i._printf_core) for _printf_core
    printf4.o(i.__0vsprintf$4) refers to printf4.o(i._sputc) for _sputc
    printf4.o(i._printf_core) refers to uldiv.o(.text) for __aeabi_uldivmod
    printf5.o(i.__0fprintf$5) refers to printf5.o(i._printf_core) for _printf_core
    printf5.o(i.__0fprintf$5) refers to baord.o(.text) for fputc
    printf5.o(i.__0printf$5) refers to printf5.o(i._printf_core) for _printf_core
    printf5.o(i.__0printf$5) refers to baord.o(.text) for fputc
    printf5.o(i.__0printf$5) refers to stdout.o(.data) for __stdout
    printf5.o(i.__0snprintf$5) refers to printf5.o(i._printf_core) for _printf_core
    printf5.o(i.__0snprintf$5) refers to printf5.o(i._snputc) for _snputc
    printf5.o(i.__0sprintf$5) refers to printf5.o(i._printf_core) for _printf_core
    printf5.o(i.__0sprintf$5) refers to printf5.o(i._sputc) for _sputc
    printf5.o(i.__0vfprintf$5) refers to printf5.o(i._printf_core) for _printf_core
    printf5.o(i.__0vfprintf$5) refers to baord.o(.text) for fputc
    printf5.o(i.__0vprintf$5) refers to printf5.o(i._printf_core) for _printf_core
    printf5.o(i.__0vprintf$5) refers to baord.o(.text) for fputc
    printf5.o(i.__0vprintf$5) refers to stdout.o(.data) for __stdout
    printf5.o(i.__0vsnprintf$5) refers to printf5.o(i._printf_core) for _printf_core
    printf5.o(i.__0vsnprintf$5) refers to printf5.o(i._snputc) for _snputc
    printf5.o(i.__0vsprintf$5) refers to printf5.o(i._printf_core) for _printf_core
    printf5.o(i.__0vsprintf$5) refers to printf5.o(i._sputc) for _sputc
    printf5.o(i._printf_core) refers to uldiv.o(.text) for __aeabi_uldivmod
    printf6.o(i.__0fprintf$6) refers to printf6.o(i._printf_core) for _printf_core
    printf6.o(i.__0fprintf$6) refers to baord.o(.text) for fputc
    printf6.o(i.__0printf$6) refers to printf6.o(i._printf_core) for _printf_core
    printf6.o(i.__0printf$6) refers to baord.o(.text) for fputc
    printf6.o(i.__0printf$6) refers to stdout.o(.data) for __stdout
    printf6.o(i.__0snprintf$6) refers to printf6.o(i._printf_core) for _printf_core
    printf6.o(i.__0snprintf$6) refers to printf6.o(i._snputc) for _snputc
    printf6.o(i.__0sprintf$6) refers to printf6.o(i._printf_core) for _printf_core
    printf6.o(i.__0sprintf$6) refers to printf6.o(i._sputc) for _sputc
    printf6.o(i.__0vfprintf$6) refers to printf6.o(i._printf_core) for _printf_core
    printf6.o(i.__0vfprintf$6) refers to baord.o(.text) for fputc
    printf6.o(i.__0vprintf$6) refers to printf6.o(i._printf_core) for _printf_core
    printf6.o(i.__0vprintf$6) refers to baord.o(.text) for fputc
    printf6.o(i.__0vprintf$6) refers to stdout.o(.data) for __stdout
    printf6.o(i.__0vsnprintf$6) refers to printf6.o(i._printf_core) for _printf_core
    printf6.o(i.__0vsnprintf$6) refers to printf6.o(i._snputc) for _snputc
    printf6.o(i.__0vsprintf$6) refers to printf6.o(i._printf_core) for _printf_core
    printf6.o(i.__0vsprintf$6) refers to printf6.o(i._sputc) for _sputc
    printf6.o(i._printf_core) refers to printf6.o(i._printf_pre_padding) for _printf_pre_padding
    printf6.o(i._printf_core) refers to uidiv.o(.text) for __aeabi_uidivmod
    printf6.o(i._printf_core) refers to printf6.o(i._printf_post_padding) for _printf_post_padding
    printf7.o(i.__0fprintf$7) refers to printf7.o(i._printf_core) for _printf_core
    printf7.o(i.__0fprintf$7) refers to baord.o(.text) for fputc
    printf7.o(i.__0printf$7) refers to printf7.o(i._printf_core) for _printf_core
    printf7.o(i.__0printf$7) refers to baord.o(.text) for fputc
    printf7.o(i.__0printf$7) refers to stdout.o(.data) for __stdout
    printf7.o(i.__0snprintf$7) refers to printf7.o(i._printf_core) for _printf_core
    printf7.o(i.__0snprintf$7) refers to printf7.o(i._snputc) for _snputc
    printf7.o(i.__0sprintf$7) refers to printf7.o(i._printf_core) for _printf_core
    printf7.o(i.__0sprintf$7) refers to printf7.o(i._sputc) for _sputc
    printf7.o(i.__0vfprintf$7) refers to printf7.o(i._printf_core) for _printf_core
    printf7.o(i.__0vfprintf$7) refers to baord.o(.text) for fputc
    printf7.o(i.__0vprintf$7) refers to printf7.o(i._printf_core) for _printf_core
    printf7.o(i.__0vprintf$7) refers to baord.o(.text) for fputc
    printf7.o(i.__0vprintf$7) refers to stdout.o(.data) for __stdout
    printf7.o(i.__0vsnprintf$7) refers to printf7.o(i._printf_core) for _printf_core
    printf7.o(i.__0vsnprintf$7) refers to printf7.o(i._snputc) for _snputc
    printf7.o(i.__0vsprintf$7) refers to printf7.o(i._printf_core) for _printf_core
    printf7.o(i.__0vsprintf$7) refers to printf7.o(i._sputc) for _sputc
    printf7.o(i._printf_core) refers to printf7.o(i._printf_pre_padding) for _printf_pre_padding
    printf7.o(i._printf_core) refers to uldiv.o(.text) for __aeabi_uldivmod
    printf7.o(i._printf_core) refers to printf7.o(i._printf_post_padding) for _printf_post_padding
    printf8.o(i.__0fprintf$8) refers to printf8.o(i._printf_core) for _printf_core
    printf8.o(i.__0fprintf$8) refers to baord.o(.text) for fputc
    printf8.o(i.__0printf$8) refers to printf8.o(i._printf_core) for _printf_core
    printf8.o(i.__0printf$8) refers to baord.o(.text) for fputc
    printf8.o(i.__0printf$8) refers to stdout.o(.data) for __stdout
    printf8.o(i.__0snprintf$8) refers to printf8.o(i._printf_core) for _printf_core
    printf8.o(i.__0snprintf$8) refers to printf8.o(i._snputc) for _snputc
    printf8.o(i.__0sprintf$8) refers to printf8.o(i._printf_core) for _printf_core
    printf8.o(i.__0sprintf$8) refers to printf8.o(i._sputc) for _sputc
    printf8.o(i.__0vfprintf$8) refers to printf8.o(i._printf_core) for _printf_core
    printf8.o(i.__0vfprintf$8) refers to baord.o(.text) for fputc
    printf8.o(i.__0vprintf$8) refers to printf8.o(i._printf_core) for _printf_core
    printf8.o(i.__0vprintf$8) refers to baord.o(.text) for fputc
    printf8.o(i.__0vprintf$8) refers to stdout.o(.data) for __stdout
    printf8.o(i.__0vsnprintf$8) refers to printf8.o(i._printf_core) for _printf_core
    printf8.o(i.__0vsnprintf$8) refers to printf8.o(i._snputc) for _snputc
    printf8.o(i.__0vsprintf$8) refers to printf8.o(i._printf_core) for _printf_core
    printf8.o(i.__0vsprintf$8) refers to printf8.o(i._sputc) for _sputc
    printf8.o(i._printf_core) refers to printf8.o(i._printf_pre_padding) for _printf_pre_padding
    printf8.o(i._printf_core) refers to uldiv.o(.text) for __aeabi_uldivmod
    printf8.o(i._printf_core) refers to printf8.o(i._printf_post_padding) for _printf_post_padding
    printfa.o(i.__0fprintf) refers (Special) to iusefp.o(.text) for __I$use$fp
    printfa.o(i.__0fprintf) refers to printfa.o(i._printf_core) for _printf_core
    printfa.o(i.__0fprintf) refers to baord.o(.text) for fputc
    printfa.o(i.__0printf) refers (Special) to iusefp.o(.text) for __I$use$fp
    printfa.o(i.__0printf) refers to printfa.o(i._printf_core) for _printf_core
    printfa.o(i.__0printf) refers to baord.o(.text) for fputc
    printfa.o(i.__0printf) refers to stdout.o(.data) for __stdout
    printfa.o(i.__0snprintf) refers (Special) to iusefp.o(.text) for __I$use$fp
    printfa.o(i.__0snprintf) refers to printfa.o(i._printf_core) for _printf_core
    printfa.o(i.__0snprintf) refers to printfa.o(i._snputc) for _snputc
    printfa.o(i.__0sprintf) refers (Special) to iusefp.o(.text) for __I$use$fp
    printfa.o(i.__0sprintf) refers to printfa.o(i._printf_core) for _printf_core
    printfa.o(i.__0sprintf) refers to printfa.o(i._sputc) for _sputc
    printfa.o(i.__0vfprintf) refers (Special) to iusefp.o(.text) for __I$use$fp
    printfa.o(i.__0vfprintf) refers to printfa.o(i._printf_core) for _printf_core
    printfa.o(i.__0vfprintf) refers to baord.o(.text) for fputc
    printfa.o(i.__0vprintf) refers (Special) to iusefp.o(.text) for __I$use$fp
    printfa.o(i.__0vprintf) refers to printfa.o(i._printf_core) for _printf_core
    printfa.o(i.__0vprintf) refers to baord.o(.text) for fputc
    printfa.o(i.__0vprintf) refers to stdout.o(.data) for __stdout
    printfa.o(i.__0vsnprintf) refers (Special) to iusefp.o(.text) for __I$use$fp
    printfa.o(i.__0vsnprintf) refers to printfa.o(i._printf_core) for _printf_core
    printfa.o(i.__0vsnprintf) refers to printfa.o(i._snputc) for _snputc
    printfa.o(i.__0vsprintf) refers (Special) to iusefp.o(.text) for __I$use$fp
    printfa.o(i.__0vsprintf) refers to printfa.o(i._printf_core) for _printf_core
    printfa.o(i.__0vsprintf) refers to printfa.o(i._sputc) for _sputc
    printfa.o(i._fp_digits) refers (Special) to iusefp.o(.text) for __I$use$fp
    printfa.o(i._fp_digits) refers to dmul.o(.text) for __aeabi_dmul
    printfa.o(i._fp_digits) refers to ddiv.o(.text) for __aeabi_ddiv
    printfa.o(i._fp_digits) refers to cdrcmple.o(.text) for __aeabi_cdrcmple
    printfa.o(i._fp_digits) refers to dadd.o(.text) for __aeabi_dadd
    printfa.o(i._fp_digits) refers to dfixul.o(.text) for __aeabi_d2ulz
    printfa.o(i._fp_digits) refers to uldiv.o(.text) for __aeabi_uldivmod
    printfa.o(i._printf_core) refers (Special) to iusefp.o(.text) for __I$use$fp
    printfa.o(i._printf_core) refers to printfa.o(i._printf_pre_padding) for _printf_pre_padding
    printfa.o(i._printf_core) refers to uldiv.o(.text) for __aeabi_uldivmod
    printfa.o(i._printf_core) refers to printfa.o(i._printf_post_padding) for _printf_post_padding
    printfa.o(i._printf_core) refers to printfa.o(i._fp_digits) for _fp_digits
    printfa.o(i._printf_core) refers to uidiv.o(.text) for __aeabi_uidivmod
    printfa.o(i._printf_post_padding) refers (Special) to iusefp.o(.text) for __I$use$fp
    printfa.o(i._printf_pre_padding) refers (Special) to iusefp.o(.text) for __I$use$fp
    printfa.o(i._snputc) refers (Special) to iusefp.o(.text) for __I$use$fp
    printfa.o(i._sputc) refers (Special) to iusefp.o(.text) for __I$use$fp
    entry2.o(.ARM.Collect$$$$00000001) refers to entry2.o(.ARM.Collect$$$$00002712) for __lit__00000000
    entry2.o(.ARM.Collect$$$$00002712) refers to startup_stm32f10x_md.o(STACK) for __initial_sp
    entry2.o(__vectab_stack_and_reset_area) refers to startup_stm32f10x_md.o(STACK) for __initial_sp
    entry2.o(__vectab_stack_and_reset_area) refers to entry.o(.ARM.Collect$$$$00000000) for __main
    entry5.o(.ARM.Collect$$$$00000004) refers to init.o(.text) for __scatterload
    entry9a.o(.ARM.Collect$$$$0000000B) refers to main.o(.text) for main
    entry9b.o(.ARM.Collect$$$$0000000C) refers to main.o(.text) for main
    uldiv.o(.text) refers to llushr.o(.text) for __aeabi_llsr
    uldiv.o(.text) refers to llshl.o(.text) for __aeabi_llsl
    dadd.o(.text) refers to llshl.o(.text) for __aeabi_llsl
    dadd.o(.text) refers to llsshr.o(.text) for __aeabi_lasr
    dadd.o(.text) refers to depilogue.o(.text) for _double_epilogue
    dmul.o(.text) refers to depilogue.o(.text) for _double_epilogue
    ddiv.o(.text) refers to depilogue.o(.text) for _double_round
    dfixul.o(.text) refers to llushr.o(.text) for __aeabi_llsr
    dfixul.o(.text) refers to llshl.o(.text) for __aeabi_llsl
    init.o(.text) refers to entry5.o(.ARM.Collect$$$$00000004) for __main_after_scatterload
    depilogue.o(.text) refers to llshl.o(.text) for __aeabi_llsl
    depilogue.o(.text) refers to llushr.o(.text) for __aeabi_llsr


==============================================================================

Removing Unused input sections from the image.

    Removing startup_stm32f10x_md.o(HEAP), (512 bytes).
    Removing stm32f10x_exti.o(.text), (284 bytes).
    Removing stm32f10x_flash.o(.text), (1468 bytes).
    Removing stm32f10x_spi.o(.text), (780 bytes).
    Removing macdes.o(.bss), (32 bytes).

5 unused section(s) (total 3076 bytes) removed from the image.

==============================================================================

Image Symbol Table

    Local Symbols

    Symbol Name                              Value     Ov Type        Size  Object(Section)

    ../clib/../cmprslib/zerorunl2.c          0x00000000   Number         0  __dczerorl2.o ABSOLUTE
    ../clib/microlib/division.c              0x00000000   Number         0  uldiv.o ABSOLUTE
    ../clib/microlib/division.c              0x00000000   Number         0  uidiv.o ABSOLUTE
    ../clib/microlib/init/entry.s            0x00000000   Number         0  entry8b.o ABSOLUTE
    ../clib/microlib/init/entry.s            0x00000000   Number         0  entry9a.o ABSOLUTE
    ../clib/microlib/init/entry.s            0x00000000   Number         0  entry7a.o ABSOLUTE
    ../clib/microlib/init/entry.s            0x00000000   Number         0  entry9b.o ABSOLUTE
    ../clib/microlib/init/entry.s            0x00000000   Number         0  entry2.o ABSOLUTE
    ../clib/microlib/init/entry.s            0x00000000   Number         0  entry10a.o ABSOLUTE
    ../clib/microlib/init/entry.s            0x00000000   Number         0  entry10b.o ABSOLUTE
    ../clib/microlib/init/entry.s            0x00000000   Number         0  entry11a.o ABSOLUTE
    ../clib/microlib/init/entry.s            0x00000000   Number         0  entry11b.o ABSOLUTE
    ../clib/microlib/init/entry.s            0x00000000   Number         0  entry.o ABSOLUTE
    ../clib/microlib/init/entry.s            0x00000000   Number         0  entry5.o ABSOLUTE
    ../clib/microlib/init/entry.s            0x00000000   Number         0  entry7b.o ABSOLUTE
    ../clib/microlib/init/entry.s            0x00000000   Number         0  entry8a.o ABSOLUTE
    ../clib/microlib/longlong.c              0x00000000   Number         0  llshl.o ABSOLUTE
    ../clib/microlib/longlong.c              0x00000000   Number         0  llushr.o ABSOLUTE
    ../clib/microlib/longlong.c              0x00000000   Number         0  llsshr.o ABSOLUTE
    ../clib/microlib/printf/printf.c         0x00000000   Number         0  printf7.o ABSOLUTE
    ../clib/microlib/printf/printf.c         0x00000000   Number         0  printf6.o ABSOLUTE
    ../clib/microlib/printf/printf.c         0x00000000   Number         0  printfa.o ABSOLUTE
    ../clib/microlib/printf/printf.c         0x00000000   Number         0  printf5.o ABSOLUTE
    ../clib/microlib/printf/printf.c         0x00000000   Number         0  printf4.o ABSOLUTE
    ../clib/microlib/printf/printf.c         0x00000000   Number         0  printf0.o ABSOLUTE
    ../clib/microlib/printf/printf.c         0x00000000   Number         0  printf2.o ABSOLUTE
    ../clib/microlib/printf/printf.c         0x00000000   Number         0  printf1.o ABSOLUTE
    ../clib/microlib/printf/printf.c         0x00000000   Number         0  printfb.o ABSOLUTE
    ../clib/microlib/printf/printf.c         0x00000000   Number         0  printf8.o ABSOLUTE
    ../clib/microlib/printf/printf.c         0x00000000   Number         0  printf3.o ABSOLUTE
    ../clib/microlib/printf/stubs.s          0x00000000   Number         0  stubs.o ABSOLUTE
    ../clib/microlib/stdio/streams.c         0x00000000   Number         0  stdout.o ABSOLUTE
    ../clib/microlib/string/memcpy.c         0x00000000   Number         0  memcpyb.o ABSOLUTE
    ../clib/microlib/string/memcpy.c         0x00000000   Number         0  memcpya.o ABSOLUTE
    ../clib/microlib/string/memset.c         0x00000000   Number         0  memseta.o ABSOLUTE
    ../clib/microlib/stubs.s                 0x00000000   Number         0  iusefp.o ABSOLUTE
    ../fplib/microlib/fpadd.c                0x00000000   Number         0  dadd.o ABSOLUTE
    ../fplib/microlib/fpdiv.c                0x00000000   Number         0  ddiv.o ABSOLUTE
    ../fplib/microlib/fpepilogue.c           0x00000000   Number         0  depilogue.o ABSOLUTE
    ../fplib/microlib/fpfix.c                0x00000000   Number         0  dfixul.o ABSOLUTE
    ../fplib/microlib/fpmul.c                0x00000000   Number         0  dmul.o ABSOLUTE
    ..\Bsp\baord.c                           0x00000000   Number         0  baord.o ABSOLUTE
    ..\Bsp\gpio.c                            0x00000000   Number         0  gpio.o ABSOLUTE
    ..\Bsp\m24sr_cmd.c                       0x00000000   Number         0  m24sr_cmd.o ABSOLUTE
    ..\Bsp\mfrc500.c                         0x00000000   Number         0  mfrc500.o ABSOLUTE
    ..\Bsp\mfrc500_hw.c                      0x00000000   Number         0  mfrc500_hw.o ABSOLUTE
    ..\Bsp\mfrc500_ios14443.c                0x00000000   Number         0  mfrc500_ios14443.o ABSOLUTE
    ..\Libraries\CMSIS\CM3\CoreSupport\core_cm3.c 0x00000000   Number         0  core_cm3.o ABSOLUTE
    ..\Libraries\CMSIS\CM3\DeviceSupport\ST\STM32F10x\startup\arm\startup_stm32f10x_md.s 0x00000000   Number         0  startup_stm32f10x_md.o ABSOLUTE
    ..\Libraries\CMSIS\CM3\DeviceSupport\ST\STM32F10x\system_stm32f10x.c 0x00000000   Number         0  system_stm32f10x.o ABSOLUTE
    ..\Libraries\STM32F10x_StdPeriph_Driver\src\misc.c 0x00000000   Number         0  misc.o ABSOLUTE
    ..\Libraries\STM32F10x_StdPeriph_Driver\src\stm32f10x_exti.c 0x00000000   Number         0  stm32f10x_exti.o ABSOLUTE
    ..\Libraries\STM32F10x_StdPeriph_Driver\src\stm32f10x_flash.c 0x00000000   Number         0  stm32f10x_flash.o ABSOLUTE
    ..\Libraries\STM32F10x_StdPeriph_Driver\src\stm32f10x_gpio.c 0x00000000   Number         0  stm32f10x_gpio.o ABSOLUTE
    ..\Libraries\STM32F10x_StdPeriph_Driver\src\stm32f10x_iwdg.c 0x00000000   Number         0  stm32f10x_iwdg.o ABSOLUTE
    ..\Libraries\STM32F10x_StdPeriph_Driver\src\stm32f10x_rcc.c 0x00000000   Number         0  stm32f10x_rcc.o ABSOLUTE
    ..\Libraries\STM32F10x_StdPeriph_Driver\src\stm32f10x_spi.c 0x00000000   Number         0  stm32f10x_spi.o ABSOLUTE
    ..\Libraries\STM32F10x_StdPeriph_Driver\src\stm32f10x_usart.c 0x00000000   Number         0  stm32f10x_usart.o ABSOLUTE
    ..\User\app_card_process.c               0x00000000   Number         0  app_card_process.o ABSOLUTE
    ..\User\app_handle_layer.c               0x00000000   Number         0  app_handle_layer.o ABSOLUTE
    ..\User\app_serial_cmd_process.c         0x00000000   Number         0  app_serial_cmd_process.o ABSOLUTE
    ..\User\app_show_message_process.c       0x00000000   Number         0  app_show_message_process.o ABSOLUTE
    ..\User\app_timer.c                      0x00000000   Number         0  app_timer.o ABSOLUTE
    ..\User\main.c                           0x00000000   Number         0  main.o ABSOLUTE
    ..\User\ringbuffer.c                     0x00000000   Number         0  ringbuffer.o ABSOLUTE
    ..\User\stm32f10x_it.c                   0x00000000   Number         0  stm32f10x_it.o ABSOLUTE
    ..\User\version.c                        0x00000000   Number         0  version.o ABSOLUTE
    ..\\Libraries\\CMSIS\\CM3\\CoreSupport\\core_cm3.c 0x00000000   Number         0  core_cm3.o ABSOLUTE
    ..\\User\\stm32f10x_it.c                 0x00000000   Number         0  stm32f10x_it.o ABSOLUTE
    ..\user\macdes.c                         0x00000000   Number         0  macdes.o ABSOLUTE
    cdrcmple.s                               0x00000000   Number         0  cdrcmple.o ABSOLUTE
    dc.s                                     0x00000000   Number         0  dc.o ABSOLUTE
    handlers.s                               0x00000000   Number         0  handlers.o ABSOLUTE
    init.s                                   0x00000000   Number         0  init.o ABSOLUTE
    RESET                                    0x08000000   Section      236  startup_stm32f10x_md.o(RESET)
    .ARM.Collect$$$$00000000                 0x080000ec   Section        0  entry.o(.ARM.Collect$$$$00000000)
    .ARM.Collect$$$$00000001                 0x080000ec   Section        4  entry2.o(.ARM.Collect$$$$00000001)
    .ARM.Collect$$$$00000004                 0x080000f0   Section        4  entry5.o(.ARM.Collect$$$$00000004)
    .ARM.Collect$$$$00000008                 0x080000f4   Section        0  entry7b.o(.ARM.Collect$$$$00000008)
    .ARM.Collect$$$$0000000A                 0x080000f4   Section        0  entry8b.o(.ARM.Collect$$$$0000000A)
    .ARM.Collect$$$$0000000B                 0x080000f4   Section        8  entry9a.o(.ARM.Collect$$$$0000000B)
    .ARM.Collect$$$$0000000D                 0x080000fc   Section        0  entry10a.o(.ARM.Collect$$$$0000000D)
    .ARM.Collect$$$$0000000F                 0x080000fc   Section        0  entry11a.o(.ARM.Collect$$$$0000000F)
    .ARM.Collect$$$$00002712                 0x080000fc   Section        4  entry2.o(.ARM.Collect$$$$00002712)
    __lit__00000000                          0x080000fc   Data           4  entry2.o(.ARM.Collect$$$$00002712)
    .emb_text                                0x08000100   Section       32  core_cm3.o(.emb_text)
    .emb_text                                0x08000120   Section        0  stm32f10x_it.o(.emb_text)
    .text                                    0x08000120   Section        0  system_stm32f10x.o(.text)
    SetSysClockTo72                          0x08000121   Thumb Code   340  system_stm32f10x.o(.text)
    SetSysClock                              0x08000275   Thumb Code     8  system_stm32f10x.o(.text)
    .text                                    0x08000384   Section       36  startup_stm32f10x_md.o(.text)
    .text                                    0x080003a8   Section        0  misc.o(.text)
    .text                                    0x08000484   Section        0  stm32f10x_gpio.o(.text)
    .text                                    0x080007e0   Section        0  stm32f10x_iwdg.o(.text)
    .text                                    0x08000820   Section        0  stm32f10x_rcc.o(.text)
    .text                                    0x08000bc8   Section        0  stm32f10x_usart.o(.text)
    .text                                    0x08000fd0   Section        0  m24sr_cmd.o(.text)
    .text                                    0x080014bc   Section        0  mfrc500.o(.text)
    .text                                    0x08001818   Section        0  gpio.o(.text)
    .text                                    0x08001904   Section        0  baord.o(.text)
    .text                                    0x08001a84   Section        0  mfrc500_hw.o(.text)
    .text                                    0x08002194   Section        0  mfrc500_ios14443.o(.text)
    .text                                    0x08002c90   Section        0  main.o(.text)
    .text                                    0x08002c9c   Section        0  app_handle_layer.o(.text)
    .text                                    0x08002cac   Section        0  app_serial_cmd_process.o(.text)
    app_beep_ctl_process                     0x08002cad   Thumb Code    30  app_serial_cmd_process.o(.text)
    serial_r_cmd_process                     0x08002f99   Thumb Code   312  app_serial_cmd_process.o(.text)
    serial_s_cmd_process                     0x080030d1   Thumb Code    48  app_serial_cmd_process.o(.text)
    .text                                    0x08003138   Section        0  app_show_message_process.o(.text)
    .text                                    0x080031cc   Section        0  app_card_process.o(.text)
    .text                                    0x080036dc   Section        0  app_timer.o(.text)
    .text                                    0x08003a70   Section        0  stm32f10x_it.o(.text)
    .text                                    0x08003d6c   Section        0  ringbuffer.o(.text)
    get                                      0x08003d75   Thumb Code    52  ringbuffer.o(.text)
    set                                      0x08003da9   Thumb Code    26  ringbuffer.o(.text)
    update_read_status                       0x08003dc3   Thumb Code    98  ringbuffer.o(.text)
    update_write_status                      0x08003e25   Thumb Code    70  ringbuffer.o(.text)
    update_top                               0x08003e6b   Thumb Code    46  ringbuffer.o(.text)
    update_bottom                            0x08003e99   Thumb Code    46  ringbuffer.o(.text)
    .text                                    0x08004134   Section        0  version.o(.text)
    .text                                    0x080041a8   Section        0  macdes.o(.text)
    .text                                    0x0800582c   Section        0  memcpya.o(.text)
    .text                                    0x08005850   Section        0  memseta.o(.text)
    .text                                    0x08005874   Section        0  uidiv.o(.text)
    .text                                    0x080058a0   Section        0  uldiv.o(.text)
    .text                                    0x08005902   Section        0  dadd.o(.text)
    .text                                    0x08005902   Section        0  iusefp.o(.text)
    .text                                    0x08005a50   Section        0  dmul.o(.text)
    .text                                    0x08005b34   Section        0  ddiv.o(.text)
    .text                                    0x08005c12   Section        0  dfixul.o(.text)
    .text                                    0x08005c44   Section       48  cdrcmple.o(.text)
    .text                                    0x08005c74   Section       36  init.o(.text)
    .text                                    0x08005c98   Section        0  llshl.o(.text)
    .text                                    0x08005cb6   Section        0  llushr.o(.text)
    .text                                    0x08005cd6   Section        0  llsshr.o(.text)
    .text                                    0x08005cfa   Section        0  depilogue.o(.text)
    .text                                    0x08005db4   Section        0  __dczerorl2.o(.text)
    i.__0printf$8                            0x08005e0c   Section        0  printf8.o(i.__0printf$8)
    i.__0vsprintf                            0x08005e2c   Section        0  printfa.o(i.__0vsprintf)
    i.__scatterload_copy                     0x08005e50   Section       14  handlers.o(i.__scatterload_copy)
    i.__scatterload_null                     0x08005e5e   Section        2  handlers.o(i.__scatterload_null)
    i.__scatterload_zeroinit                 0x08005e60   Section       14  handlers.o(i.__scatterload_zeroinit)
    i._fp_digits                             0x08005e70   Section        0  printfa.o(i._fp_digits)
    _fp_digits                               0x08005e71   Thumb Code   334  printfa.o(i._fp_digits)
    i._printf_core                           0x08005fd4   Section        0  printf8.o(i._printf_core)
    _printf_core                             0x08005fd5   Thumb Code   996  printf8.o(i._printf_core)
    i._printf_core                           0x080063e4   Section        0  printfa.o(i._printf_core)
    _printf_core                             0x080063e5   Thumb Code  1744  printfa.o(i._printf_core)
    i._printf_post_padding                   0x08006ac0   Section        0  printf8.o(i._printf_post_padding)
    _printf_post_padding                     0x08006ac1   Thumb Code    36  printf8.o(i._printf_post_padding)
    i._printf_post_padding                   0x08006ae4   Section        0  printfa.o(i._printf_post_padding)
    _printf_post_padding                     0x08006ae5   Thumb Code    36  printfa.o(i._printf_post_padding)
    i._printf_pre_padding                    0x08006b08   Section        0  printf8.o(i._printf_pre_padding)
    _printf_pre_padding                      0x08006b09   Thumb Code    46  printf8.o(i._printf_pre_padding)
    i._printf_pre_padding                    0x08006b36   Section        0  printfa.o(i._printf_pre_padding)
    _printf_pre_padding                      0x08006b37   Thumb Code    46  printfa.o(i._printf_pre_padding)
    i._sputc                                 0x08006b64   Section        0  printfa.o(i._sputc)
    _sputc                                   0x08006b65   Thumb Code    10  printfa.o(i._sputc)
    .constdata                               0x08006b70   Section       24  gpio.o(.constdata)
    .constdata                               0x08006b88   Section       20  ringbuffer.o(.constdata)
    .constdata                               0x08006b9c   Section       49  version.o(.constdata)
    .data                                    0x20000000   Section       20  system_stm32f10x.o(.data)
    .data                                    0x20000014   Section       20  stm32f10x_rcc.o(.data)
    APBAHBPrescTable                         0x20000014   Data          16  stm32f10x_rcc.o(.data)
    ADCPrescTable                            0x20000024   Data           4  stm32f10x_rcc.o(.data)
    .data                                    0x20000028   Section        1  m24sr_cmd.o(.data)
    BlockNumber                              0x20000028   Data           1  m24sr_cmd.o(.data)
    .data                                    0x2000002c   Section       16  gpio.o(.data)
    .data                                    0x2000003c   Section        4  app_serial_cmd_process.o(.data)
    cmd_s                                    0x2000003c   Data           1  app_serial_cmd_process.o(.data)
    beep_s                                   0x2000003f   Data           1  app_serial_cmd_process.o(.data)
    .data                                    0x20000040   Section       35  app_card_process.o(.data)
    card_process_status                      0x20000040   Data           1  app_card_process.o(.data)
    g_uid_len                                0x20000041   Data           1  app_card_process.o(.data)
    find_card_ok                             0x20000042   Data           1  app_card_process.o(.data)
    re_try_count                             0x20000043   Data           1  app_card_process.o(.data)
    old_status                               0x20000062   Data           1  app_card_process.o(.data)
    .data                                    0x20000064   Section        9  app_timer.o(.data)
    TimingDelay                              0x20000064   Data           4  app_timer.o(.data)
    .data                                    0x20000070   Section       20  stm32f10x_it.o(.data)
    uart_rx_timer                            0x20000074   Data           4  stm32f10x_it.o(.data)
    uart_rx_fg                               0x20000078   Data           1  stm32f10x_it.o(.data)
    uart_rx_s                                0x20000079   Data           1  stm32f10x_it.o(.data)
    uart_rx_cnt                              0x2000007b   Data           1  stm32f10x_it.o(.data)
    sign_cnt                                 0x2000007c   Data           1  stm32f10x_it.o(.data)
    uart_tx_cnt                              0x2000007d   Data           1  stm32f10x_it.o(.data)
    pdata                                    0x20000080   Data           4  stm32f10x_it.o(.data)
    .data                                    0x20000084   Section       29  ringbuffer.o(.data)
    SpireviceBuffer                          0x20000084   Data           1  ringbuffer.o(.data)
    SpiIrqBuffer                             0x20000085   Data           1  ringbuffer.o(.data)
    PrintBuffer                              0x20000086   Data           1  ringbuffer.o(.data)
    pBuffer                                  0x20000088   Data          20  ringbuffer.o(.data)
    Status                                   0x2000009c   Data           5  ringbuffer.o(.data)
    .data                                    0x200000a1   Section        8  version.o(.data)
    .data                                    0x200000a9   Section      592  macdes.o(.data)
    s1                                       0x200000a9   Data          64  macdes.o(.data)
    s2                                       0x200000e9   Data          64  macdes.o(.data)
    s3                                       0x20000129   Data          64  macdes.o(.data)
    s4                                       0x20000169   Data          64  macdes.o(.data)
    s5                                       0x200001a9   Data          64  macdes.o(.data)
    s6                                       0x200001e9   Data          64  macdes.o(.data)
    s7                                       0x20000229   Data          64  macdes.o(.data)
    s8                                       0x20000269   Data          64  macdes.o(.data)
    shift                                    0x200002a9   Data          16  macdes.o(.data)
    binary                                   0x200002b9   Data          64  macdes.o(.data)
    .data                                    0x200002fc   Section        4  stdout.o(.data)
    .bss                                     0x20000300   Section      744  m24sr_cmd.o(.bss)
    .bss                                     0x200005e8   Section       12  mfrc500.o(.bss)
    .bss                                     0x200005f4   Section      498  app_serial_cmd_process.o(.bss)
    rdata                                    0x200005f4   Data         249  app_serial_cmd_process.o(.bss)
    sdata                                    0x200006ed   Data         249  app_serial_cmd_process.o(.bss)
    .bss                                     0x200007e6   Section      620  app_card_process.o(.bss)
    card_message                             0x200007e6   Data         249  app_card_process.o(.bss)
    .bss                                     0x20000a54   Section      400  app_timer.o(.bss)
    .bss                                     0x20000be4   Section      498  stm32f10x_it.o(.bss)
    .bss                                     0x20000dd8   Section     3112  ringbuffer.o(.bss)
    UartReviceBuffer                         0x20000dd8   Data        1024  ringbuffer.o(.bss)
    UartSendBuffer                           0x200011d8   Data        2048  ringbuffer.o(.bss)
    Top                                      0x200019d8   Data          10  ringbuffer.o(.bss)
    Bottom                                   0x200019e2   Data          10  ringbuffer.o(.bss)
    Size                                     0x200019ec   Data          20  ringbuffer.o(.bss)
    STACK                                    0x20001a00   Section     2048  startup_stm32f10x_md.o(STACK)

    Global Symbols

    Symbol Name                              Value     Ov Type        Size  Object(Section)

    BuildAttributes$$THM_ISAv4$P$D$K$B$S$PE$A:L22UL41UL21$X:L11$S22US41US21$IEEE1$IW$USESV6$~STKCKD$USESV7$~SHL$OSPACE$ROPI$EBA8$MICROLIB$REQ8$PRES8$EABIv2 0x00000000   Number         0  anon$$obj.o ABSOLUTE
    __ARM_use_no_argv                        0x00000000   Number         0  main.o ABSOLUTE
    _printf_a                                0x00000000   Number         0  stubs.o ABSOLUTE
    _printf_c                                0x00000000   Number         0  stubs.o ABSOLUTE
    _printf_charcount                        0x00000000   Number         0  stubs.o ABSOLUTE
    _printf_d                                0x00000000   Number         0  stubs.o ABSOLUTE
    _printf_e                                0x00000000   Number         0  stubs.o ABSOLUTE
    _printf_f                                0x00000000   Number         0  stubs.o ABSOLUTE
    _printf_flags                            0x00000000   Number         0  stubs.o ABSOLUTE
    _printf_fp_dec                           0x00000000   Number         0  stubs.o ABSOLUTE
    _printf_fp_hex                           0x00000000   Number         0  stubs.o ABSOLUTE
    _printf_g                                0x00000000   Number         0  stubs.o ABSOLUTE
    _printf_i                                0x00000000   Number         0  stubs.o ABSOLUTE
    _printf_int_dec                          0x00000000   Number         0  stubs.o ABSOLUTE
    _printf_l                                0x00000000   Number         0  stubs.o ABSOLUTE
    _printf_lc                               0x00000000   Number         0  stubs.o ABSOLUTE
    _printf_ll                               0x00000000   Number         0  stubs.o ABSOLUTE
    _printf_lld                              0x00000000   Number         0  stubs.o ABSOLUTE
    _printf_lli                              0x00000000   Number         0  stubs.o ABSOLUTE
    _printf_llo                              0x00000000   Number         0  stubs.o ABSOLUTE
    _printf_llu                              0x00000000   Number         0  stubs.o ABSOLUTE
    _printf_llx                              0x00000000   Number         0  stubs.o ABSOLUTE
    _printf_longlong_dec                     0x00000000   Number         0  stubs.o ABSOLUTE
    _printf_longlong_hex                     0x00000000   Number         0  stubs.o ABSOLUTE
    _printf_longlong_oct                     0x00000000   Number         0  stubs.o ABSOLUTE
    _printf_ls                               0x00000000   Number         0  stubs.o ABSOLUTE
    _printf_mbtowc                           0x00000000   Number         0  stubs.o ABSOLUTE
    _printf_n                                0x00000000   Number         0  stubs.o ABSOLUTE
    _printf_o                                0x00000000   Number         0  stubs.o ABSOLUTE
    _printf_p                                0x00000000   Number         0  stubs.o ABSOLUTE
    _printf_percent                          0x00000000   Number         0  stubs.o ABSOLUTE
    _printf_pre_padding                      0x00000000   Number         0  stubs.o ABSOLUTE
    _printf_return_value                     0x00000000   Number         0  stubs.o ABSOLUTE
    _printf_s                                0x00000000   Number         0  stubs.o ABSOLUTE
    _printf_sizespec                         0x00000000   Number         0  stubs.o ABSOLUTE
    _printf_str                              0x00000000   Number         0  stubs.o ABSOLUTE
    _printf_truncate_signed                  0x00000000   Number         0  stubs.o ABSOLUTE
    _printf_truncate_unsigned                0x00000000   Number         0  stubs.o ABSOLUTE
    _printf_u                                0x00000000   Number         0  stubs.o ABSOLUTE
    _printf_wc                               0x00000000   Number         0  stubs.o ABSOLUTE
    _printf_wctomb                           0x00000000   Number         0  stubs.o ABSOLUTE
    _printf_widthprec                        0x00000000   Number         0  stubs.o ABSOLUTE
    _printf_x                                0x00000000   Number         0  stubs.o ABSOLUTE
    __cpp_initialize__aeabi_                  - Undefined Weak Reference
    __cxa_finalize                            - Undefined Weak Reference
    _clock_init                               - Undefined Weak Reference
    _microlib_exit                            - Undefined Weak Reference
    __Vectors_Size                           0x000000ec   Number         0  startup_stm32f10x_md.o ABSOLUTE
    __Vectors                                0x08000000   Data           4  startup_stm32f10x_md.o(RESET)
    __Vectors_End                            0x080000ec   Data           0  startup_stm32f10x_md.o(RESET)
    __main                                   0x080000ed   Thumb Code     0  entry.o(.ARM.Collect$$$$00000000)
    _main_stk                                0x080000ed   Thumb Code     0  entry2.o(.ARM.Collect$$$$00000001)
    _main_scatterload                        0x080000f1   Thumb Code     0  entry5.o(.ARM.Collect$$$$00000004)
    __main_after_scatterload                 0x080000f5   Thumb Code     0  entry5.o(.ARM.Collect$$$$00000004)
    _main_clock                              0x080000f5   Thumb Code     0  entry7b.o(.ARM.Collect$$$$00000008)
    _main_cpp_init                           0x080000f5   Thumb Code     0  entry8b.o(.ARM.Collect$$$$0000000A)
    _main_init                               0x080000f5   Thumb Code     0  entry9a.o(.ARM.Collect$$$$0000000B)
    __rt_final_cpp                           0x080000fd   Thumb Code     0  entry10a.o(.ARM.Collect$$$$0000000D)
    __rt_final_exit                          0x080000fd   Thumb Code     0  entry11a.o(.ARM.Collect$$$$0000000F)
    __get_PSP                                0x08000101   Thumb Code     6  core_cm3.o(.emb_text)
    __set_PSP                                0x08000107   Thumb Code     6  core_cm3.o(.emb_text)
    __get_MSP                                0x0800010d   Thumb Code     6  core_cm3.o(.emb_text)
    __set_MSP                                0x08000113   Thumb Code     6  core_cm3.o(.emb_text)
    __REV16                                  0x08000119   Thumb Code     4  core_cm3.o(.emb_text)
    __REVSH                                  0x0800011d   Thumb Code     4  core_cm3.o(.emb_text)
    GenerateSystemReset                      0x08000121   Thumb Code     0  stm32f10x_it.o(.emb_text)
    SystemInit                               0x0800027d   Thumb Code    78  system_stm32f10x.o(.text)
    SystemCoreClockUpdate                    0x080002cb   Thumb Code   142  system_stm32f10x.o(.text)
    Reset_Handler                            0x08000385   Thumb Code     8  startup_stm32f10x_md.o(.text)
    ADC1_2_IRQHandler                        0x0800039f   Thumb Code     0  startup_stm32f10x_md.o(.text)
    CAN1_RX1_IRQHandler                      0x0800039f   Thumb Code     0  startup_stm32f10x_md.o(.text)
    CAN1_SCE_IRQHandler                      0x0800039f   Thumb Code     0  startup_stm32f10x_md.o(.text)
    DMA1_Channel1_IRQHandler                 0x0800039f   Thumb Code     0  startup_stm32f10x_md.o(.text)
    DMA1_Channel2_IRQHandler                 0x0800039f   Thumb Code     0  startup_stm32f10x_md.o(.text)
    DMA1_Channel3_IRQHandler                 0x0800039f   Thumb Code     0  startup_stm32f10x_md.o(.text)
    DMA1_Channel4_IRQHandler                 0x0800039f   Thumb Code     0  startup_stm32f10x_md.o(.text)
    DMA1_Channel5_IRQHandler                 0x0800039f   Thumb Code     0  startup_stm32f10x_md.o(.text)
    DMA1_Channel6_IRQHandler                 0x0800039f   Thumb Code     0  startup_stm32f10x_md.o(.text)
    DMA1_Channel7_IRQHandler                 0x0800039f   Thumb Code     0  startup_stm32f10x_md.o(.text)
    EXTI0_IRQHandler                         0x0800039f   Thumb Code     0  startup_stm32f10x_md.o(.text)
    EXTI15_10_IRQHandler                     0x0800039f   Thumb Code     0  startup_stm32f10x_md.o(.text)
    EXTI1_IRQHandler                         0x0800039f   Thumb Code     0  startup_stm32f10x_md.o(.text)
    EXTI2_IRQHandler                         0x0800039f   Thumb Code     0  startup_stm32f10x_md.o(.text)
    EXTI3_IRQHandler                         0x0800039f   Thumb Code     0  startup_stm32f10x_md.o(.text)
    EXTI4_IRQHandler                         0x0800039f   Thumb Code     0  startup_stm32f10x_md.o(.text)
    EXTI9_5_IRQHandler                       0x0800039f   Thumb Code     0  startup_stm32f10x_md.o(.text)
    FLASH_IRQHandler                         0x0800039f   Thumb Code     0  startup_stm32f10x_md.o(.text)
    I2C1_ER_IRQHandler                       0x0800039f   Thumb Code     0  startup_stm32f10x_md.o(.text)
    I2C1_EV_IRQHandler                       0x0800039f   Thumb Code     0  startup_stm32f10x_md.o(.text)
    I2C2_ER_IRQHandler                       0x0800039f   Thumb Code     0  startup_stm32f10x_md.o(.text)
    I2C2_EV_IRQHandler                       0x0800039f   Thumb Code     0  startup_stm32f10x_md.o(.text)
    PVD_IRQHandler                           0x0800039f   Thumb Code     0  startup_stm32f10x_md.o(.text)
    RCC_IRQHandler                           0x0800039f   Thumb Code     0  startup_stm32f10x_md.o(.text)
    RTCAlarm_IRQHandler                      0x0800039f   Thumb Code     0  startup_stm32f10x_md.o(.text)
    RTC_IRQHandler                           0x0800039f   Thumb Code     0  startup_stm32f10x_md.o(.text)
    SPI1_IRQHandler                          0x0800039f   Thumb Code     0  startup_stm32f10x_md.o(.text)
    SPI2_IRQHandler                          0x0800039f   Thumb Code     0  startup_stm32f10x_md.o(.text)
    TAMPER_IRQHandler                        0x0800039f   Thumb Code     0  startup_stm32f10x_md.o(.text)
    TIM1_BRK_IRQHandler                      0x0800039f   Thumb Code     0  startup_stm32f10x_md.o(.text)
    TIM1_CC_IRQHandler                       0x0800039f   Thumb Code     0  startup_stm32f10x_md.o(.text)
    TIM1_TRG_COM_IRQHandler                  0x0800039f   Thumb Code     0  startup_stm32f10x_md.o(.text)
    TIM1_UP_IRQHandler                       0x0800039f   Thumb Code     0  startup_stm32f10x_md.o(.text)
    TIM2_IRQHandler                          0x0800039f   Thumb Code     0  startup_stm32f10x_md.o(.text)
    TIM3_IRQHandler                          0x0800039f   Thumb Code     0  startup_stm32f10x_md.o(.text)
    TIM4_IRQHandler                          0x0800039f   Thumb Code     0  startup_stm32f10x_md.o(.text)
    USART2_IRQHandler                        0x0800039f   Thumb Code     0  startup_stm32f10x_md.o(.text)
    USART3_IRQHandler                        0x0800039f   Thumb Code     0  startup_stm32f10x_md.o(.text)
    USBWakeUp_IRQHandler                     0x0800039f   Thumb Code     0  startup_stm32f10x_md.o(.text)
    USB_HP_CAN1_TX_IRQHandler                0x0800039f   Thumb Code     0  startup_stm32f10x_md.o(.text)
    USB_LP_CAN1_RX0_IRQHandler               0x0800039f   Thumb Code     0  startup_stm32f10x_md.o(.text)
    WWDG_IRQHandler                          0x0800039f   Thumb Code     0  startup_stm32f10x_md.o(.text)
    NVIC_PriorityGroupConfig                 0x080003a9   Thumb Code    10  misc.o(.text)
    NVIC_Init                                0x080003b3   Thumb Code   100  misc.o(.text)
    NVIC_SetVectorTable                      0x08000417   Thumb Code    14  misc.o(.text)
    NVIC_SystemLPConfig                      0x08000425   Thumb Code    34  misc.o(.text)
    SysTick_CLKSourceConfig                  0x08000447   Thumb Code    40  misc.o(.text)
    GPIO_DeInit                              0x08000485   Thumb Code   172  stm32f10x_gpio.o(.text)
    GPIO_AFIODeInit                          0x08000531   Thumb Code    20  stm32f10x_gpio.o(.text)
    GPIO_Init                                0x08000545   Thumb Code   278  stm32f10x_gpio.o(.text)
    GPIO_StructInit                          0x0800065b   Thumb Code    16  stm32f10x_gpio.o(.text)
    GPIO_ReadInputDataBit                    0x0800066b   Thumb Code    18  stm32f10x_gpio.o(.text)
    GPIO_ReadInputData                       0x0800067d   Thumb Code     8  stm32f10x_gpio.o(.text)
    GPIO_ReadOutputDataBit                   0x08000685   Thumb Code    18  stm32f10x_gpio.o(.text)
    GPIO_ReadOutputData                      0x08000697   Thumb Code     8  stm32f10x_gpio.o(.text)
    GPIO_SetBits                             0x0800069f   Thumb Code     4  stm32f10x_gpio.o(.text)
    GPIO_ResetBits                           0x080006a3   Thumb Code     4  stm32f10x_gpio.o(.text)
    GPIO_WriteBit                            0x080006a7   Thumb Code    10  stm32f10x_gpio.o(.text)
    GPIO_Write                               0x080006b1   Thumb Code     4  stm32f10x_gpio.o(.text)
    GPIO_PinLockConfig                       0x080006b5   Thumb Code    18  stm32f10x_gpio.o(.text)
    GPIO_EventOutputConfig                   0x080006c7   Thumb Code    26  stm32f10x_gpio.o(.text)
    GPIO_EventOutputCmd                      0x080006e1   Thumb Code     6  stm32f10x_gpio.o(.text)
    GPIO_PinRemapConfig                      0x080006e7   Thumb Code   138  stm32f10x_gpio.o(.text)
    GPIO_EXTILineConfig                      0x08000771   Thumb Code    66  stm32f10x_gpio.o(.text)
    GPIO_ETH_MediaInterfaceConfig            0x080007b3   Thumb Code     8  stm32f10x_gpio.o(.text)
    IWDG_WriteAccessCmd                      0x080007e1   Thumb Code     6  stm32f10x_iwdg.o(.text)
    IWDG_SetPrescaler                        0x080007e7   Thumb Code     6  stm32f10x_iwdg.o(.text)
    IWDG_SetReload                           0x080007ed   Thumb Code     6  stm32f10x_iwdg.o(.text)
    IWDG_ReloadCounter                       0x080007f3   Thumb Code    10  stm32f10x_iwdg.o(.text)
    IWDG_Enable                              0x080007fd   Thumb Code    10  stm32f10x_iwdg.o(.text)
    IWDG_GetFlagStatus                       0x08000807   Thumb Code    20  stm32f10x_iwdg.o(.text)
    RCC_DeInit                               0x08000821   Thumb Code    64  stm32f10x_rcc.o(.text)
    RCC_HSEConfig                            0x08000861   Thumb Code    70  stm32f10x_rcc.o(.text)
    RCC_GetFlagStatus                        0x080008a7   Thumb Code    56  stm32f10x_rcc.o(.text)
    RCC_WaitForHSEStartUp                    0x080008df   Thumb Code    56  stm32f10x_rcc.o(.text)
    RCC_AdjustHSICalibrationValue            0x08000917   Thumb Code    20  stm32f10x_rcc.o(.text)
    RCC_HSICmd                               0x0800092b   Thumb Code     6  stm32f10x_rcc.o(.text)
    RCC_PLLConfig                            0x08000931   Thumb Code    24  stm32f10x_rcc.o(.text)
    RCC_PLLCmd                               0x08000949   Thumb Code     6  stm32f10x_rcc.o(.text)
    RCC_SYSCLKConfig                         0x0800094f   Thumb Code    18  stm32f10x_rcc.o(.text)
    RCC_GetSYSCLKSource                      0x08000961   Thumb Code    10  stm32f10x_rcc.o(.text)
    RCC_HCLKConfig                           0x0800096b   Thumb Code    18  stm32f10x_rcc.o(.text)
    RCC_PCLK1Config                          0x0800097d   Thumb Code    18  stm32f10x_rcc.o(.text)
    RCC_PCLK2Config                          0x0800098f   Thumb Code    20  stm32f10x_rcc.o(.text)
    RCC_ITConfig                             0x080009a3   Thumb Code    26  stm32f10x_rcc.o(.text)
    RCC_USBCLKConfig                         0x080009bd   Thumb Code     8  stm32f10x_rcc.o(.text)
    RCC_ADCCLKConfig                         0x080009c5   Thumb Code    18  stm32f10x_rcc.o(.text)
    RCC_LSEConfig                            0x080009d7   Thumb Code    50  stm32f10x_rcc.o(.text)
    RCC_LSICmd                               0x08000a09   Thumb Code     6  stm32f10x_rcc.o(.text)
    RCC_RTCCLKConfig                         0x08000a0f   Thumb Code    12  stm32f10x_rcc.o(.text)
    RCC_RTCCLKCmd                            0x08000a1b   Thumb Code     8  stm32f10x_rcc.o(.text)
    RCC_GetClocksFreq                        0x08000a23   Thumb Code   192  stm32f10x_rcc.o(.text)
    RCC_AHBPeriphClockCmd                    0x08000ae3   Thumb Code    26  stm32f10x_rcc.o(.text)
    RCC_APB2PeriphClockCmd                   0x08000afd   Thumb Code    26  stm32f10x_rcc.o(.text)
    RCC_APB1PeriphClockCmd                   0x08000b17   Thumb Code    26  stm32f10x_rcc.o(.text)
    RCC_APB2PeriphResetCmd                   0x08000b31   Thumb Code    26  stm32f10x_rcc.o(.text)
    RCC_APB1PeriphResetCmd                   0x08000b4b   Thumb Code    26  stm32f10x_rcc.o(.text)
    RCC_BackupResetCmd                       0x08000b65   Thumb Code     8  stm32f10x_rcc.o(.text)
    RCC_ClockSecuritySystemCmd               0x08000b6d   Thumb Code     6  stm32f10x_rcc.o(.text)
    RCC_MCOConfig                            0x08000b73   Thumb Code     6  stm32f10x_rcc.o(.text)
    RCC_ClearFlag                            0x08000b79   Thumb Code    14  stm32f10x_rcc.o(.text)
    RCC_GetITStatus                          0x08000b87   Thumb Code    20  stm32f10x_rcc.o(.text)
    RCC_ClearITPendingBit                    0x08000b9b   Thumb Code     6  stm32f10x_rcc.o(.text)
    USART_DeInit                             0x08000bc9   Thumb Code   134  stm32f10x_usart.o(.text)
    USART_Init                               0x08000c4f   Thumb Code   210  stm32f10x_usart.o(.text)
    USART_StructInit                         0x08000d21   Thumb Code    24  stm32f10x_usart.o(.text)
    USART_ClockInit                          0x08000d39   Thumb Code    34  stm32f10x_usart.o(.text)
    USART_ClockStructInit                    0x08000d5b   Thumb Code    12  stm32f10x_usart.o(.text)
    USART_Cmd                                0x08000d67   Thumb Code    24  stm32f10x_usart.o(.text)
    USART_ITConfig                           0x08000d7f   Thumb Code    74  stm32f10x_usart.o(.text)
    USART_DMACmd                             0x08000dc9   Thumb Code    18  stm32f10x_usart.o(.text)
    USART_SetAddress                         0x08000ddb   Thumb Code    18  stm32f10x_usart.o(.text)
    USART_WakeUpConfig                       0x08000ded   Thumb Code    18  stm32f10x_usart.o(.text)
    USART_ReceiverWakeUpCmd                  0x08000dff   Thumb Code    24  stm32f10x_usart.o(.text)
    USART_LINBreakDetectLengthConfig         0x08000e17   Thumb Code    18  stm32f10x_usart.o(.text)
    USART_LINCmd                             0x08000e29   Thumb Code    24  stm32f10x_usart.o(.text)
    USART_SendData                           0x08000e41   Thumb Code     8  stm32f10x_usart.o(.text)
    USART_ReceiveData                        0x08000e49   Thumb Code    10  stm32f10x_usart.o(.text)
    USART_SendBreak                          0x08000e53   Thumb Code    10  stm32f10x_usart.o(.text)
    USART_SetGuardTime                       0x08000e5d   Thumb Code    16  stm32f10x_usart.o(.text)
    USART_SetPrescaler                       0x08000e6d   Thumb Code    16  stm32f10x_usart.o(.text)
    USART_SmartCardCmd                       0x08000e7d   Thumb Code    24  stm32f10x_usart.o(.text)
    USART_SmartCardNACKCmd                   0x08000e95   Thumb Code    24  stm32f10x_usart.o(.text)
    USART_HalfDuplexCmd                      0x08000ead   Thumb Code    24  stm32f10x_usart.o(.text)
    USART_OverSampling8Cmd                   0x08000ec5   Thumb Code    22  stm32f10x_usart.o(.text)
    USART_OneBitMethodCmd                    0x08000edb   Thumb Code    24  stm32f10x_usart.o(.text)
    USART_IrDAConfig                         0x08000ef3   Thumb Code    18  stm32f10x_usart.o(.text)
    USART_IrDACmd                            0x08000f05   Thumb Code    24  stm32f10x_usart.o(.text)
    USART_GetFlagStatus                      0x08000f1d   Thumb Code    26  stm32f10x_usart.o(.text)
    USART_ClearFlag                          0x08000f37   Thumb Code    18  stm32f10x_usart.o(.text)
    USART_GetITStatus                        0x08000f49   Thumb Code    84  stm32f10x_usart.o(.text)
    USART_ClearITPendingBit                  0x08000f9d   Thumb Code    52  stm32f10x_usart.o(.text)
    M24SR_InitStructure                      0x08000fd1   Thumb Code    48  m24sr_cmd.o(.text)
    M24SR_UpdateCrc                          0x08001001   Thumb Code    34  m24sr_cmd.o(.text)
    M24SR_ComputeCrc                         0x08001023   Thumb Code    40  m24sr_cmd.o(.text)
    M24SR_BuildIBlockCommand                 0x0800104b   Thumb Code   274  m24sr_cmd.o(.text)
    M24SR_SelectApplication                  0x0800115d   Thumb Code   132  m24sr_cmd.o(.text)
    M24SR_SelectCCfile                       0x080011e1   Thumb Code    98  m24sr_cmd.o(.text)
    M24SR_SelectSystemfile                   0x08001243   Thumb Code    98  m24sr_cmd.o(.text)
    M24SR_SelectNDEFfile                     0x080012a5   Thumb Code    96  m24sr_cmd.o(.text)
    M24SR_ReadBinary                         0x08001305   Thumb Code    80  m24sr_cmd.o(.text)
    M24SR_UpdateBinary                       0x08001355   Thumb Code   136  m24sr_cmd.o(.text)
    M24SR_SendInterrupt                      0x080013dd   Thumb Code    78  m24sr_cmd.o(.text)
    M24SR_FWTExtension                       0x0800142b   Thumb Code    60  m24sr_cmd.o(.text)
    M24SR_IsCorrectCRC16Residue              0x08001467   Thumb Code    76  m24sr_cmd.o(.text)
    SelectApplication                        0x080014bd   Thumb Code   138  mfrc500.o(.text)
    ForceReadCCfile                          0x08001547   Thumb Code   122  mfrc500.o(.text)
    ReadNDEFfile                             0x080015c1   Thumb Code   152  mfrc500.o(.text)
    WriteNDEFfile                            0x08001659   Thumb Code   166  mfrc500.o(.text)
    SendInterrupt                            0x080016ff   Thumb Code   148  mfrc500.o(.text)
    Deselect                                 0x08001793   Thumb Code    60  mfrc500.o(.text)
    Authentication                           0x080017cf   Thumb Code    60  mfrc500.o(.text)
    ledInit                                  0x08001819   Thumb Code    52  gpio.o(.text)
    ledOn                                    0x0800184d   Thumb Code    46  gpio.o(.text)
    ledOff                                   0x0800187b   Thumb Code    46  gpio.o(.text)
    ledToggle                                0x080018a9   Thumb Code    26  gpio.o(.text)
    GPIOInit_BEEP                            0x080018c3   Thumb Code    30  gpio.o(.text)
    GpioInit                                 0x080018e1   Thumb Code    20  gpio.o(.text)
    uart_send_char                           0x08001905   Thumb Code    28  baord.o(.text)
    fputc                                    0x08001921   Thumb Code    32  baord.o(.text)
    fgetc                                    0x08001941   Thumb Code    26  baord.o(.text)
    XOR_Cal                                  0x0800195b   Thumb Code    26  baord.o(.text)
    Usart1_Init                              0x08001975   Thumb Code   158  baord.o(.text)
    board_init                               0x08001a13   Thumb Code   100  baord.o(.text)
    MRC500_DEBUG_START                       0x08001a85   Thumb Code     2  mfrc500_hw.o(.text)
    MRC500_DEBUG_END                         0x08001a87   Thumb Code     2  mfrc500_hw.o(.text)
    mfrc500_gpio_init                        0x08001a89   Thumb Code   246  mfrc500_hw.o(.text)
    ReadRC                                   0x08001b7f   Thumb Code   336  mfrc500_hw.o(.text)
    WriteRC                                  0x08001ccf   Thumb Code   214  mfrc500_hw.o(.text)
    DEBUGRC                                  0x08001da5   Thumb Code    36  mfrc500_hw.o(.text)
    SetBitMask                               0x08001dc9   Thumb Code    28  mfrc500_hw.o(.text)
    ClearBitMask                             0x08001de5   Thumb Code    28  mfrc500_hw.o(.text)
    PcdAntennaOff                            0x08001e01   Thumb Code    12  mfrc500_hw.o(.text)
    mfrc500_init                             0x08001e0d   Thumb Code   300  mfrc500_hw.o(.text)
    PcdSetTmo                                0x08001f39   Thumb Code   124  mfrc500_hw.o(.text)
    PcdComTransceive                         0x08001fb5   Thumb Code   466  mfrc500_hw.o(.text)
    PcdAntennaOn                             0x08002187   Thumb Code    12  mfrc500_hw.o(.text)
    PcdRequest                               0x08002195   Thumb Code   108  mfrc500_ios14443.o(.text)
    PcdSelect1                               0x08002201   Thumb Code   136  mfrc500_ios14443.o(.text)
    PcdAnticoll                              0x08002289   Thumb Code   168  mfrc500_ios14443.o(.text)
    PcdSelect2                               0x08002331   Thumb Code   136  mfrc500_ios14443.o(.text)
    PcdRATS                                  0x080023b9   Thumb Code   114  mfrc500_ios14443.o(.text)
    PcdPPS                                   0x0800242b   Thumb Code   120  mfrc500_ios14443.o(.text)
    PcdSelectApplication                     0x080024a3   Thumb Code   102  mfrc500_ios14443.o(.text)
    PcdSelectCCfile                          0x08002509   Thumb Code   102  mfrc500_ios14443.o(.text)
    PcdReadCCfileLength                      0x0800256f   Thumb Code   106  mfrc500_ios14443.o(.text)
    PcdReadCCfile                            0x080025d9   Thumb Code   114  mfrc500_ios14443.o(.text)
    PcdSelectNDEFfile                        0x0800264b   Thumb Code   104  mfrc500_ios14443.o(.text)
    PcdReadNDEFfileLength                    0x080026b3   Thumb Code   106  mfrc500_ios14443.o(.text)
    PcdReadNDEFfile                          0x0800271d   Thumb Code   114  mfrc500_ios14443.o(.text)
    PcdWriteNDEFfile                         0x0800278f   Thumb Code   120  mfrc500_ios14443.o(.text)
    PcdSelectSystemfile                      0x08002807   Thumb Code   102  mfrc500_ios14443.o(.text)
    PcdReadSystemfile                        0x0800286d   Thumb Code   120  mfrc500_ios14443.o(.text)
    PcdSendInterrupt                         0x080028e5   Thumb Code   102  mfrc500_ios14443.o(.text)
    PcdDeselect                              0x0800294b   Thumb Code    92  mfrc500_ios14443.o(.text)
    MifareProRst                             0x080029a7   Thumb Code    82  mfrc500_ios14443.o(.text)
    PcdHalt                                  0x080029f9   Thumb Code    68  mfrc500_ios14443.o(.text)
    ChangeCodeKey                            0x08002a3d   Thumb Code    62  mfrc500_ios14443.o(.text)
    PcdAuthKey                               0x08002a7b   Thumb Code    62  mfrc500_ios14443.o(.text)
    PcdAuthState                             0x08002ab9   Thumb Code   156  mfrc500_ios14443.o(.text)
    PcdRead                                  0x08002b55   Thumb Code   100  mfrc500_ios14443.o(.text)
    PcdWrite                                 0x08002bb9   Thumb Code   210  mfrc500_ios14443.o(.text)
    main                                     0x08002c91   Thumb Code    12  main.o(.text)
    app_handle_layer                         0x08002c9d   Thumb Code    16  app_handle_layer.o(.text)
    app_cmd_unknow                           0x08002ccb   Thumb Code    76  app_serial_cmd_process.o(.text)
    app_load_program                         0x08002d17   Thumb Code    30  app_serial_cmd_process.o(.text)
    app_get_device_info                      0x08002d35   Thumb Code   226  app_serial_cmd_process.o(.text)
    app_beep_ctl                             0x08002e17   Thumb Code    84  app_serial_cmd_process.o(.text)
    app_m1_read_id                           0x08002e6b   Thumb Code    48  app_serial_cmd_process.o(.text)
    app_m1_clear_data                        0x08002e9b   Thumb Code    80  app_serial_cmd_process.o(.text)
    app_m1_read_data                         0x08002eeb   Thumb Code    80  app_serial_cmd_process.o(.text)
    app_m1_write_data                        0x08002f3b   Thumb Code    94  app_serial_cmd_process.o(.text)
    App_seirial_cmd_process                  0x08003101   Thumb Code    16  app_serial_cmd_process.o(.text)
    beep_ctl_timer_init                      0x08003111   Thumb Code    24  app_serial_cmd_process.o(.text)
    message_show_process                     0x08003139   Thumb Code    42  app_show_message_process.o(.text)
    b_print                                  0x08003163   Thumb Code    68  app_show_message_process.o(.text)
    rf_set_card_status                       0x080031cd   Thumb Code    66  app_card_process.o(.text)
    rf_get_card_status                       0x0800320f   Thumb Code     6  app_card_process.o(.text)
    create_new_key                           0x08003215   Thumb Code    96  app_card_process.o(.text)
    debug_show_data                          0x08003275   Thumb Code    52  app_card_process.o(.text)
    app_card_timer2_deinit                   0x080032a9   Thumb Code    10  app_card_process.o(.text)
    app_card_timer1_deinit                   0x080032b3   Thumb Code    10  app_card_process.o(.text)
    App_card_process                         0x080032bd   Thumb Code   966  app_card_process.o(.text)
    app_clear_status                         0x08003683   Thumb Code    12  app_card_process.o(.text)
    app_card_timer_init                      0x0800368f   Thumb Code    48  app_card_process.o(.text)
    SysClockInit                             0x080036dd   Thumb Code   210  app_timer.o(.text)
    DelayMs                                  0x080037af   Thumb Code    20  app_timer.o(.text)
    TimingDelay_Decrement                    0x080037c3   Thumb Code    28  app_timer.o(.text)
    IWDG_Configuration                       0x080037df   Thumb Code    34  app_timer.o(.text)
    Delay2us                                 0x08003801   Thumb Code    28  app_timer.o(.text)
    Delay3us                                 0x0800381d   Thumb Code    16  app_timer.o(.text)
    Delay10us                                0x0800382d   Thumb Code    28  app_timer.o(.text)
    Timer_list_handler                       0x08003849   Thumb Code   134  app_timer.o(.text)
    sw_register_timer                        0x080038cf   Thumb Code    50  app_timer.o(.text)
    sw_unregister_timer                      0x08003901   Thumb Code    14  app_timer.o(.text)
    sw_set_sattus                            0x0800390f   Thumb Code     6  app_timer.o(.text)
    sw_get_status                            0x08003915   Thumb Code     8  app_timer.o(.text)
    sw_set_cnt                               0x0800391d   Thumb Code     4  app_timer.o(.text)
    sw_get_cnt                               0x08003921   Thumb Code     6  app_timer.o(.text)
    sw_inc_cnt                               0x08003927   Thumb Code     8  app_timer.o(.text)
    sw_timer_init                            0x0800392f   Thumb Code    72  app_timer.o(.text)
    sw_create_timer                          0x08003977   Thumb Code    42  app_timer.o(.text)
    sw_clear_timer                           0x080039a1   Thumb Code    16  app_timer.o(.text)
    sw_reset_timer_timeout                   0x080039b1   Thumb Code     4  app_timer.o(.text)
    systemtick_timeout_callback              0x080039b5   Thumb Code   100  app_timer.o(.text)
    system_timer_init                        0x08003a19   Thumb Code    50  app_timer.o(.text)
    uart_clear_message                       0x08003a71   Thumb Code    22  stm32f10x_it.o(.text)
    uart_revice_data_state_mechine           0x08003a87   Thumb Code   320  stm32f10x_it.o(.text)
    uart_send_data_state_machine             0x08003bc7   Thumb Code   198  stm32f10x_it.o(.text)
    NMI_Handler                              0x08003c8d   Thumb Code     8  stm32f10x_it.o(.text)
    HardFault_Handler                        0x08003c95   Thumb Code     8  stm32f10x_it.o(.text)
    MemManage_Handler                        0x08003c9d   Thumb Code     8  stm32f10x_it.o(.text)
    BusFault_Handler                         0x08003ca5   Thumb Code     8  stm32f10x_it.o(.text)
    UsageFault_Handler                       0x08003cad   Thumb Code     4  stm32f10x_it.o(.text)
    SVC_Handler                              0x08003cb1   Thumb Code     2  stm32f10x_it.o(.text)
    DebugMon_Handler                         0x08003cb3   Thumb Code     2  stm32f10x_it.o(.text)
    PendSV_Handler                           0x08003cb5   Thumb Code     2  stm32f10x_it.o(.text)
    SysTick_Handler                          0x08003cb7   Thumb Code    54  stm32f10x_it.o(.text)
    USART1_IRQHandler                        0x08003ced   Thumb Code    82  stm32f10x_it.o(.text)
    buffer_get_buffer_status                 0x08003d6d   Thumb Code     8  ringbuffer.o(.text)
    serial_ringbuffer_write_data             0x08003ec7   Thumb Code   114  ringbuffer.o(.text)
    serial_ringbuffer_read_data              0x08003f39   Thumb Code   132  ringbuffer.o(.text)
    spi_write_data_to_buffer                 0x08003fbd   Thumb Code   100  ringbuffer.o(.text)
    spi_read_data_from_buffer                0x08004021   Thumb Code    92  ringbuffer.o(.text)
    serial_ringbuffer_get_usage_rate         0x0800407d   Thumb Code    26  ringbuffer.o(.text)
    print_write_data_to_buffer               0x08004097   Thumb Code    58  ringbuffer.o(.text)
    print_read_data_to_buffer                0x080040d1   Thumb Code    76  ringbuffer.o(.text)
    get_mcu_uid                              0x08004135   Thumb Code   108  version.o(.text)
    des                                      0x080041a9   Thumb Code  4476  macdes.o(.text)
    CheckMac                                 0x08005325   Thumb Code   718  macdes.o(.text)
    Mac                                      0x080055f3   Thumb Code    86  macdes.o(.text)
    CalcMasterKey                            0x08005649   Thumb Code     2  macdes.o(.text)
    CalcSessionKey                           0x0800564b   Thumb Code   286  macdes.o(.text)
    ThreeDes                                 0x08005769   Thumb Code   156  macdes.o(.text)
    __aeabi_memcpy                           0x0800582d   Thumb Code    36  memcpya.o(.text)
    __aeabi_memcpy4                          0x0800582d   Thumb Code     0  memcpya.o(.text)
    __aeabi_memcpy8                          0x0800582d   Thumb Code     0  memcpya.o(.text)
    __aeabi_memset                           0x08005851   Thumb Code    14  memseta.o(.text)
    __aeabi_memset4                          0x08005851   Thumb Code     0  memseta.o(.text)
    __aeabi_memset8                          0x08005851   Thumb Code     0  memseta.o(.text)
    __aeabi_memclr                           0x0800585f   Thumb Code     4  memseta.o(.text)
    __aeabi_memclr4                          0x0800585f   Thumb Code     0  memseta.o(.text)
    __aeabi_memclr8                          0x0800585f   Thumb Code     0  memseta.o(.text)
    _memset$wrapper                          0x08005863   Thumb Code    18  memseta.o(.text)
    __aeabi_uidiv                            0x08005875   Thumb Code     0  uidiv.o(.text)
    __aeabi_uidivmod                         0x08005875   Thumb Code    44  uidiv.o(.text)
    __aeabi_uldivmod                         0x080058a1   Thumb Code    98  uldiv.o(.text)
    __I$use$fp                               0x08005903   Thumb Code     0  iusefp.o(.text)
    __aeabi_dadd                             0x08005903   Thumb Code   322  dadd.o(.text)
    __aeabi_dsub                             0x08005a45   Thumb Code     6  dadd.o(.text)
    __aeabi_drsub                            0x08005a4b   Thumb Code     6  dadd.o(.text)
    __aeabi_dmul                             0x08005a51   Thumb Code   228  dmul.o(.text)
    __aeabi_ddiv                             0x08005b35   Thumb Code   222  ddiv.o(.text)
    __aeabi_d2ulz                            0x08005c13   Thumb Code    48  dfixul.o(.text)
    __aeabi_cdrcmple                         0x08005c45   Thumb Code    48  cdrcmple.o(.text)
    __scatterload                            0x08005c75   Thumb Code    28  init.o(.text)
    __scatterload_rt2                        0x08005c75   Thumb Code     0  init.o(.text)
    __aeabi_llsl                             0x08005c99   Thumb Code    30  llshl.o(.text)
    _ll_shift_l                              0x08005c99   Thumb Code     0  llshl.o(.text)
    __aeabi_llsr                             0x08005cb7   Thumb Code    32  llushr.o(.text)
    _ll_ushift_r                             0x08005cb7   Thumb Code     0  llushr.o(.text)
    __aeabi_lasr                             0x08005cd7   Thumb Code    36  llsshr.o(.text)
    _ll_sshift_r                             0x08005cd7   Thumb Code     0  llsshr.o(.text)
    _double_round                            0x08005cfb   Thumb Code    30  depilogue.o(.text)
    _double_epilogue                         0x08005d19   Thumb Code   156  depilogue.o(.text)
    __decompress                             0x08005db5   Thumb Code     0  __dczerorl2.o(.text)
    __decompress1                            0x08005db5   Thumb Code    86  __dczerorl2.o(.text)
    __0printf$8                              0x08005e0d   Thumb Code    22  printf8.o(i.__0printf$8)
    __1printf$8                              0x08005e0d   Thumb Code     0  printf8.o(i.__0printf$8)
    __2printf                                0x08005e0d   Thumb Code     0  printf8.o(i.__0printf$8)
    __0vsprintf                              0x08005e2d   Thumb Code    30  printfa.o(i.__0vsprintf)
    __1vsprintf                              0x08005e2d   Thumb Code     0  printfa.o(i.__0vsprintf)
    __2vsprintf                              0x08005e2d   Thumb Code     0  printfa.o(i.__0vsprintf)
    __c89vsprintf                            0x08005e2d   Thumb Code     0  printfa.o(i.__0vsprintf)
    vsprintf                                 0x08005e2d   Thumb Code     0  printfa.o(i.__0vsprintf)
    __scatterload_copy                       0x08005e51   Thumb Code    14  handlers.o(i.__scatterload_copy)
    __scatterload_null                       0x08005e5f   Thumb Code     2  handlers.o(i.__scatterload_null)
    __scatterload_zeroinit                   0x08005e61   Thumb Code    14  handlers.o(i.__scatterload_zeroinit)
    GPIO_PIN                                 0x08006b70   Data           8  gpio.o(.constdata)
    GPIO_CLK                                 0x08006b78   Data          16  gpio.o(.constdata)
    BufferSize                               0x08006b88   Data          20  ringbuffer.o(.constdata)
    software                                 0x08006b9c   Data           3  version.o(.constdata)
    hardware                                 0x08006b9f   Data          30  version.o(.constdata)
    company                                  0x08006bbd   Data          16  version.o(.constdata)
    Region$$Table$$Base                      0x08006bd0   Number         0  anon$$obj.o(Region$$Table)
    Region$$Table$$Limit                     0x08006bf0   Number         0  anon$$obj.o(Region$$Table)
    SystemCoreClock                          0x20000000   Data           4  system_stm32f10x.o(.data)
    AHBPrescTable                            0x20000004   Data          16  system_stm32f10x.o(.data)
    GPIO_PORT                                0x2000002c   Data          16  gpio.o(.data)
    cmd_t                                    0x2000003d   Data           1  app_serial_cmd_process.o(.data)
    err_t                                    0x2000003e   Data           1  app_serial_cmd_process.o(.data)
    uid_len                                  0x20000044   Data           1  app_card_process.o(.data)
    key_ctl_addr                             0x20000045   Data           1  app_card_process.o(.data)
    DefaultKey                               0x20000046   Data           6  app_card_process.o(.data)
    PassWd                                   0x2000004c   Data           6  app_card_process.o(.data)
    InitKey                                  0x20000052   Data          16  app_card_process.o(.data)
    PowerOnTime                              0x20000068   Data           4  app_timer.o(.data)
    system_timer_status                      0x2000006c   Data           1  app_timer.o(.data)
    gbf_hse_setup_fail                       0x20000070   Data           1  stm32f10x_it.o(.data)
    uart_tx_s                                0x2000007a   Data           1  stm32f10x_it.o(.data)
    jsq_uid                                  0x200000a1   Data           8  version.o(.data)
    __stdout                                 0x200002fc   Data           4  stdout.o(.data)
    Command                                  0x20000300   Data         252  m24sr_cmd.o(.bss)
    DataBuffer                               0x200003fc   Data         246  m24sr_cmd.o(.bss)
    uM24SRbuffer                             0x200004f2   Data         246  m24sr_cmd.o(.bss)
    TransKey                                 0x200005e8   Data          12  mfrc500.o(.bss)
    card_task                                0x200008df   Data          23  app_card_process.o(.bss)
    g_cardType                               0x200008f6   Data          40  app_card_process.o(.bss)
    respon                                   0x2000091e   Data         266  app_card_process.o(.bss)
    g_cSNR                                   0x20000a28   Data          10  app_card_process.o(.bss)
    RData                                    0x20000a32   Data          16  app_card_process.o(.bss)
    NewKey                                   0x20000a42   Data          16  app_card_process.o(.bss)
    timer_list                               0x20000a54   Data         100  app_timer.o(.bss)
    retransmit_timer                         0x20000ab8   Data          24  app_timer.o(.bss)
    system_timer                             0x20000ad0   Data          24  app_timer.o(.bss)
    send_data1_timer                         0x20000ae8   Data          24  app_timer.o(.bss)
    send_data2_timer                         0x20000b00   Data          24  app_timer.o(.bss)
    send_data3_timer                         0x20000b18   Data          24  app_timer.o(.bss)
    request_data_timer                       0x20000b30   Data          24  app_timer.o(.bss)
    single_send_data_timer                   0x20000b48   Data          24  app_timer.o(.bss)
    spi_send_data_timer                      0x20000b60   Data          24  app_timer.o(.bss)
    spi_send_data_timer1                     0x20000b78   Data          24  app_timer.o(.bss)
    systick_package_timer                    0x20000b90   Data          24  app_timer.o(.bss)
    card_buzzer_timer                        0x20000ba8   Data          24  app_timer.o(.bss)
    card_second_find_timer                   0x20000bc0   Data          24  app_timer.o(.bss)
    system_rtc_timer                         0x20000bd8   Data          12  app_timer.o(.bss)
    uart_rx_buf                              0x20000be4   Data         249  stm32f10x_it.o(.bss)
    uart_tx_buf                              0x20000cdd   Data         249  stm32f10x_it.o(.bss)
    __initial_sp                             0x20002200   Data           0  startup_stm32f10x_md.o(STACK)



==============================================================================

Memory Map of the image

  Image Entry point : 0x080000ed

  Load Region LR_IROM1 (Base: 0x08000000, Size: 0x00006ef0, Max: 0x00020000, ABSOLUTE, COMPRESSED[0x00006e54])

    Execution Region ER_IROM1 (Base: 0x08000000, Size: 0x00006bf0, Max: 0x00020000, ABSOLUTE)

    Base Addr    Size         Type   Attr      Idx    E Section Name        Object

    0x08000000   0x000000ec   Data   RO           64    RESET               startup_stm32f10x_md.o
    0x080000ec   0x00000000   Code   RO          519  * .ARM.Collect$$$$00000000  mc_w.l(entry.o)
    0x080000ec   0x00000004   Code   RO          789    .ARM.Collect$$$$00000001  mc_w.l(entry2.o)
    0x080000f0   0x00000004   Code   RO          792    .ARM.Collect$$$$00000004  mc_w.l(entry5.o)
    0x080000f4   0x00000000   Code   RO          794    .ARM.Collect$$$$00000008  mc_w.l(entry7b.o)
    0x080000f4   0x00000000   Code   RO          796    .ARM.Collect$$$$0000000A  mc_w.l(entry8b.o)
    0x080000f4   0x00000008   Code   RO          797    .ARM.Collect$$$$0000000B  mc_w.l(entry9a.o)
    0x080000fc   0x00000000   Code   RO          799    .ARM.Collect$$$$0000000D  mc_w.l(entry10a.o)
    0x080000fc   0x00000000   Code   RO          801    .ARM.Collect$$$$0000000F  mc_w.l(entry11a.o)
    0x080000fc   0x00000004   Code   RO          790    .ARM.Collect$$$$00002712  mc_w.l(entry2.o)
    0x08000100   0x00000020   Code   RO           70    .emb_text           core_cm3.o
    0x08000120   0x00000000   Code   RO          446    .emb_text           stm32f10x_it.o
    0x08000120   0x00000264   Code   RO            1    .text               system_stm32f10x.o
    0x08000384   0x00000024   Code   RO           65    .text               startup_stm32f10x_md.o
    0x080003a8   0x000000dc   Code   RO           80    .text               misc.o
    0x08000484   0x0000035c   Code   RO          120    .text               stm32f10x_gpio.o
    0x080007e0   0x00000040   Code   RO          132    .text               stm32f10x_iwdg.o
    0x08000820   0x000003a8   Code   RO          144    .text               stm32f10x_rcc.o
    0x08000bc8   0x00000408   Code   RO          170    .text               stm32f10x_usart.o
    0x08000fd0   0x000004ec   Code   RO          182    .text               m24sr_cmd.o
    0x080014bc   0x0000035c   Code   RO          205    .text               mfrc500.o
    0x08001818   0x000000ec   Code   RO          273    .text               gpio.o
    0x08001904   0x00000180   Code   RO          289    .text               baord.o
    0x08001a84   0x0000070e   Code   RO          311    .text               mfrc500_hw.o
    0x08002192   0x00000002   PAD
    0x08002194   0x00000afc   Code   RO          323    .text               mfrc500_ios14443.o
    0x08002c90   0x0000000c   Code   RO          336    .text               main.o
    0x08002c9c   0x00000010   Code   RO          351    .text               app_handle_layer.o
    0x08002cac   0x0000048c   Code   RO          363    .text               app_serial_cmd_process.o
    0x08003138   0x00000094   Code   RO          380    .text               app_show_message_process.o
    0x080031cc   0x00000510   Code   RO          399    .text               app_card_process.o
    0x080036dc   0x00000394   Code   RO          422    .text               app_timer.o
    0x08003a70   0x000002fc   Code   RO          447    .text               stm32f10x_it.o
    0x08003d6c   0x000003c8   Code   RO          463    .text               ringbuffer.o
    0x08004134   0x00000074   Code   RO          480    .text               version.o
    0x080041a8   0x00001684   Code   RO          499    .text               macdes.o
    0x0800582c   0x00000024   Code   RO          522    .text               mc_w.l(memcpya.o)
    0x08005850   0x00000024   Code   RO          524    .text               mc_w.l(memseta.o)
    0x08005874   0x0000002c   Code   RO          804    .text               mc_w.l(uidiv.o)
    0x080058a0   0x00000062   Code   RO          806    .text               mc_w.l(uldiv.o)
    0x08005902   0x00000000   Code   RO          808    .text               mc_w.l(iusefp.o)
    0x08005902   0x0000014e   Code   RO          809    .text               mf_w.l(dadd.o)
    0x08005a50   0x000000e4   Code   RO          811    .text               mf_w.l(dmul.o)
    0x08005b34   0x000000de   Code   RO          813    .text               mf_w.l(ddiv.o)
    0x08005c12   0x00000030   Code   RO          815    .text               mf_w.l(dfixul.o)
    0x08005c42   0x00000002   PAD
    0x08005c44   0x00000030   Code   RO          817    .text               mf_w.l(cdrcmple.o)
    0x08005c74   0x00000024   Code   RO          819    .text               mc_w.l(init.o)
    0x08005c98   0x0000001e   Code   RO          821    .text               mc_w.l(llshl.o)
    0x08005cb6   0x00000020   Code   RO          823    .text               mc_w.l(llushr.o)
    0x08005cd6   0x00000024   Code   RO          825    .text               mc_w.l(llsshr.o)
    0x08005cfa   0x000000ba   Code   RO          827    .text               mf_w.l(depilogue.o)
    0x08005db4   0x00000056   Code   RO          837    .text               mc_w.l(__dczerorl2.o)
    0x08005e0a   0x00000002   PAD
    0x08005e0c   0x00000020   Code   RO          735    i.__0printf$8       mc_w.l(printf8.o)
    0x08005e2c   0x00000024   Code   RO          767    i.__0vsprintf       mc_w.l(printfa.o)
    0x08005e50   0x0000000e   Code   RO          831    i.__scatterload_copy  mc_w.l(handlers.o)
    0x08005e5e   0x00000002   Code   RO          832    i.__scatterload_null  mc_w.l(handlers.o)
    0x08005e60   0x0000000e   Code   RO          833    i.__scatterload_zeroinit  mc_w.l(handlers.o)
    0x08005e6e   0x00000002   PAD
    0x08005e70   0x00000164   Code   RO          768    i._fp_digits        mc_w.l(printfa.o)
    0x08005fd4   0x00000410   Code   RO          742    i._printf_core      mc_w.l(printf8.o)
    0x080063e4   0x000006dc   Code   RO          769    i._printf_core      mc_w.l(printfa.o)
    0x08006ac0   0x00000024   Code   RO          743    i._printf_post_padding  mc_w.l(printf8.o)
    0x08006ae4   0x00000024   Code   RO          770    i._printf_post_padding  mc_w.l(printfa.o)
    0x08006b08   0x0000002e   Code   RO          744    i._printf_pre_padding  mc_w.l(printf8.o)
    0x08006b36   0x0000002e   Code   RO          771    i._printf_pre_padding  mc_w.l(printfa.o)
    0x08006b64   0x0000000a   Code   RO          773    i._sputc            mc_w.l(printfa.o)
    0x08006b6e   0x00000002   PAD
    0x08006b70   0x00000018   Data   RO          274    .constdata          gpio.o
    0x08006b88   0x00000014   Data   RO          465    .constdata          ringbuffer.o
    0x08006b9c   0x00000031   Data   RO          481    .constdata          version.o
    0x08006bcd   0x00000003   PAD
    0x08006bd0   0x00000020   Data   RO          829    Region$$Table       anon$$obj.o


    Execution Region RW_IRAM1 (Base: 0x20000000, Size: 0x00002200, Max: 0x00005000, ABSOLUTE, COMPRESSED[0x00000264])

    Base Addr    Size         Type   Attr      Idx    E Section Name        Object

    0x20000000   0x00000014   Data   RW            2    .data               system_stm32f10x.o
    0x20000014   0x00000014   Data   RW          145    .data               stm32f10x_rcc.o
    0x20000028   0x00000001   Data   RW          184    .data               m24sr_cmd.o
    0x20000029   0x00000003   PAD
    0x2000002c   0x00000010   Data   RW          275    .data               gpio.o
    0x2000003c   0x00000004   Data   RW          365    .data               app_serial_cmd_process.o
    0x20000040   0x00000023   Data   RW          401    .data               app_card_process.o
    0x20000063   0x00000001   PAD
    0x20000064   0x00000009   Data   RW          424    .data               app_timer.o
    0x2000006d   0x00000003   PAD
    0x20000070   0x00000014   Data   RW          449    .data               stm32f10x_it.o
    0x20000084   0x0000001d   Data   RW          466    .data               ringbuffer.o
    0x200000a1   0x00000008   Data   RW          482    .data               version.o
    0x200000a9   0x00000250   Data   RW          501    .data               macdes.o
    0x200002f9   0x00000003   PAD
    0x200002fc   0x00000004   Data   RW          803    .data               mc_w.l(stdout.o)
    0x20000300   0x000002e8   Zero   RW          183    .bss                m24sr_cmd.o
    0x200005e8   0x0000000c   Zero   RW          206    .bss                mfrc500.o
    0x200005f4   0x000001f2   Zero   RW          364    .bss                app_serial_cmd_process.o
    0x200007e6   0x0000026c   Zero   RW          400    .bss                app_card_process.o
    0x20000a52   0x00000002   PAD
    0x20000a54   0x00000190   Zero   RW          423    .bss                app_timer.o
    0x20000be4   0x000001f2   Zero   RW          448    .bss                stm32f10x_it.o
    0x20000dd6   0x00000002   PAD
    0x20000dd8   0x00000c28   Zero   RW          464    .bss                ringbuffer.o
    0x20001a00   0x00000800   Zero   RW           62    STACK               startup_stm32f10x_md.o


==============================================================================

Image component sizes


      Code (inc. data)   RO Data    RW Data    ZI Data      Debug   Object Name

      1296        148          0         35        620       5592   app_card_process.o
        16          0          0          0          0        463   app_handle_layer.o
      1164         68          0          4        498       4857   app_serial_cmd_process.o
       148         38          0          0          0       1403   app_show_message_process.o
       916         38          0          9        400      22060   app_timer.o
       384         14          0          0          0      17307   baord.o
        32          0          0          0          0        584   core_cm3.o
       236         16         24         16          0       1826   gpio.o
      1260         34          0          1        744       8209   m24sr_cmd.o
      5764         48          0        592          0       6445   macdes.o
        12          0          0          0          0        423   main.o
       860         14          0          0         12       6879   mfrc500.o
      1806         64          0          0          0       4146   mfrc500_hw.o
      2812         12          0          0          0      14116   mfrc500_ios14443.o
       220         22          0          0          0       1889   misc.o
       968         24         20         29       3112       5034   ringbuffer.o
        36          8        236          0       2048        924   startup_stm32f10x_md.o
       860         38          0          0          0       5825   stm32f10x_gpio.o
       764         54          0         20        498       3322   stm32f10x_it.o
        64          6          0          0          0       1313   stm32f10x_iwdg.o
       936         40          0         20          0       9020   stm32f10x_rcc.o
      1032         22          0          0          0       8548   stm32f10x_usart.o
       612         44          0         20          0     233656   system_stm32f10x.o
       116          8         49          8          0       1126   version.o

    ----------------------------------------------------------------------
     22316        760        364        764       7936     364967   Object Totals
         0          0         32          0          0          0   (incl. Generated)
         2          0          3         10          4          0   (incl. Padding)

    ----------------------------------------------------------------------

      Code (inc. data)   RO Data    RW Data    ZI Data      Debug   Library Member Name

        86          0          0          0          0          0   __dczerorl2.o
         0          0          0          0          0          0   entry.o
         0          0          0          0          0          0   entry10a.o
         0          0          0          0          0          0   entry11a.o
         8          4          0          0          0          0   entry2.o
         4          0          0          0          0          0   entry5.o
         0          0          0          0          0          0   entry7b.o
         0          0          0          0          0          0   entry8b.o
         8          4          0          0          0          0   entry9a.o
        30          0          0          0          0          0   handlers.o
        36          8          0          0          0         68   init.o
         0          0          0          0          0          0   iusefp.o
        30          0          0          0          0         68   llshl.o
        36          0          0          0          0         68   llsshr.o
        32          0          0          0          0         68   llushr.o
        36          0          0          0          0         68   memcpya.o
        36          0          0          0          0        108   memseta.o
      1154         54          0          0          0        352   printf8.o
      2240         86          0          0          0        508   printfa.o
         0          0          0          4          0          0   stdout.o
        44          0          0          0          0         80   uidiv.o
        98          0          0          0          0         92   uldiv.o
        48          0          0          0          0         68   cdrcmple.o
       334          0          0          0          0        148   dadd.o
       222          0          0          0          0        100   ddiv.o
       186          0          0          0          0        176   depilogue.o
        48          0          0          0          0         68   dfixul.o
       228          0          0          0          0         96   dmul.o

    ----------------------------------------------------------------------
      4952        156          0          4          0       2136   Library Totals
         8          0          0          0          0          0   (incl. Padding)

    ----------------------------------------------------------------------

      Code (inc. data)   RO Data    RW Data    ZI Data      Debug   Library Name

      3878        156          0          4          0       1480   mc_w.l
      1066          0          0          0          0        656   mf_w.l

    ----------------------------------------------------------------------
      4952        156          0          4          0       2136   Library Totals

    ----------------------------------------------------------------------

==============================================================================


      Code (inc. data)   RO Data    RW Data    ZI Data      Debug   

     27268        916        364        768       7936     364111   Grand Totals
     27268        916        364        612       7936     364111   ELF Image Totals (compressed)
     27268        916        364        612          0          0   ROM Totals

==============================================================================

    Total RO  Size (Code + RO Data)                27632 (  26.98kB)
    Total RW  Size (RW Data + ZI Data)              8704 (   8.50kB)
    Total ROM Size (Code + RO Data + RW Data)      28244 (  27.58kB)

==============================================================================

